Component: ARM Compiler 5.06 update 2 (build 183) Tool: armlink [4d35b7]

==============================================================================

Section Cross References

    main.o(i.adv_scan_start) refers to nrf_fstorage.o(i.nrf_fstorage_is_busy) for nrf_fstorage_is_busy
    main.o(i.adv_scan_start) refers to ly_ble_p.o(i.adv_start) for adv_start
    main.o(i.application_timers_start) refers to tasks.o(i.xTaskGetTickCount) for xTaskGetTickCount
    main.o(i.application_timers_start) refers to timers.o(i.xTimerGenericCommand) for xTimerGenericCommand
    main.o(i.application_timers_start) refers to app_error_handler_keil.o(.emb_text) for app_error_handler
    main.o(i.application_timers_start) refers to main.o(.data) for m_system_timer
    main.o(i.battery_timer_timeout_handler) refers to main.o(.data) for system_running_time
    main.o(i.clock_init) refers to nrf_drv_clock.o(i.nrf_drv_clock_init) for nrf_drv_clock_init
    main.o(i.clock_init) refers to app_error_handler_keil.o(.emb_text) for app_error_handler
    main.o(i.heart_rate_timer_timeout_handler) refers to main.o(.data) for system_running_time
    main.o(i.log_init) refers to nrf_log_frontend.o(i.nrf_log_init) for nrf_log_init
    main.o(i.log_init) refers to app_error_handler_keil.o(.emb_text) for app_error_handler
    main.o(i.log_init) refers to nrf_log_default_backends.o(i.nrf_log_default_backends_init) for nrf_log_default_backends_init
    main.o(i.logger_thread) refers to nrf_log_frontend.o(i.nrf_log_frontend_dequeue) for nrf_log_frontend_dequeue
    main.o(i.logger_thread) refers to tasks.o(i.vTaskSuspend) for vTaskSuspend
    main.o(i.main) refers to main.o(i.log_init) for log_init
    main.o(i.main) refers to main.o(i.clock_init) for clock_init
    main.o(i.main) refers to main.o(i.timers_init) for timers_init
    main.o(i.main) refers to tasks.o(i.xTaskCreate) for xTaskCreate
    main.o(i.main) refers to app_error_handler_keil.o(.emb_text) for app_error_handler
    main.o(i.main) refers to hardware.o(i.hardware_init) for hardware_init
    main.o(i.main) refers to ui_task.o(i.ui_init) for ui_init
    main.o(i.main) refers to main.o(i.application_timers_start) for application_timers_start
    main.o(i.main) refers to tasks.o(i.vTaskStartScheduler) for vTaskStartScheduler
    main.o(i.main) refers to main.o(.data) for m_logger_thread
    main.o(i.main) refers to main.o(i.logger_thread) for logger_thread
    main.o(i.main) refers to ui_task.o(i.ui_task) for ui_task
    main.o(i.start_task) refers to port_cmsis.o(i.vPortEnterCritical) for vPortEnterCritical
    main.o(i.start_task) refers to tasks.o(i.xTaskCreate) for xTaskCreate
    main.o(i.start_task) refers to heap_1.o(i.xPortGetFreeHeapSize) for xPortGetFreeHeapSize
    main.o(i.start_task) refers to nrf_log_frontend.o(i.nrf_log_frontend_std_1) for nrf_log_frontend_std_1
    main.o(i.start_task) refers to tasks.o(i.vTaskDelete) for vTaskDelete
    main.o(i.start_task) refers to port_cmsis.o(i.vPortExitCritical) for vPortExitCritical
    main.o(i.start_task) refers to main.o(.data) for ui_task_handle
    main.o(i.start_task) refers to ui_task.o(i.ui_task) for ui_task
    main.o(i.start_task) refers to nrf_log_frontend.o(log_const_data) for m_nrf_log_app_logs_data_const
    main.o(i.step_timer_timeout_handler) refers to main.o(.data) for system_running_time
    main.o(i.system_timer_timeout_handler) refers to nrf_log_frontend.o(i.nrf_log_frontend_std_1) for nrf_log_frontend_std_1
    main.o(i.system_timer_timeout_handler) refers to nrf_log_frontend.o(log_const_data) for m_nrf_log_app_logs_data_const
    main.o(i.system_timer_timeout_handler) refers to main.o(.data) for system_running_time
    main.o(i.timers_init) refers to app_timer_freertos.o(i.app_timer_init) for app_timer_init
    main.o(i.timers_init) refers to app_error_handler_keil.o(.emb_text) for app_error_handler
    main.o(i.timers_init) refers to timers.o(i.xTimerCreate) for xTimerCreate
    main.o(i.timers_init) refers to main.o(i.system_timer_timeout_handler) for system_timer_timeout_handler
    main.o(i.timers_init) refers to main.o(.data) for m_system_timer
    main.o(i.timers_init) refers to main.o(i.battery_timer_timeout_handler) for battery_timer_timeout_handler
    main.o(i.timers_init) refers to main.o(i.heart_rate_timer_timeout_handler) for heart_rate_timer_timeout_handler
    main.o(i.timers_init) refers to main.o(i.step_timer_timeout_handler) for step_timer_timeout_handler
    main.o(i.vApplicationIdleHook) refers to tasks.o(i.vTaskResume) for vTaskResume
    main.o(i.vApplicationIdleHook) refers to main.o(.data) for m_logger_thread
    ly_ble.o(i.assert_nrf_callback) refers to app_error_handler_keil.o(.emb_text) for app_error_handler
    ly_ble.o(i.ble_evt_handler) refers to ble_conn_state.o(i.ble_conn_state_role) for ble_conn_state_role
    ly_ble.o(i.ble_evt_handler) refers to ly_ble.o(i.ble_evt_is_advertising_timeout) for ble_evt_is_advertising_timeout
[...]
    0x0002c07c   0x000000c4   Code   RO         5917    i.local_db_apply_in_evt  gatt_cache_manager.o
    0x0002c140   0x00000018   Code   RO         5918    i.local_db_update   gatt_cache_manager.o
    0x0002c158   0x00000120   Code   RO         5919    i.local_db_update_in_evt  gatt_cache_manager.o
    0x0002c278   0x0000003c   Code   RO            9    i.log_init          main.o
    0x0002c2b4   0x000000c8   Code   RO        11454    i.log_skip          nrf_log_frontend.o
    0x0002c37c   0x00000016   Code   RO           10    i.logger_thread     main.o
    0x0002c392   0x00000002   PAD
    0x0002c394   0x000000a0   Code   RO           11    i.main              main.o
    0x0002c434   0x000000ca   Code   RO        11049    i.memobj_op         nrf_memobj.o
    0x0002c4fe   0x00000002   PAD
    0x0002c500   0x00000038   Code   RO        11455    i.module_idx_get    nrf_log_frontend.o
    0x0002c538   0x00000026   Code   RO         7514    i.mutex_lock        pm_buffer.o
    0x0002c55e   0x00000020   Code   RO         7515    i.mutex_lock_status_get  pm_buffer.o
    0x0002c57e   0x00000020   Code   RO         7516    i.mutex_unlock      pm_buffer.o
    0x0002c59e   0x00000002   PAD
    0x0002c5a0   0x00000020   Code   RO         7789    i.new_context_get   security_manager.o
    0x0002c5c0   0x00000034   Code   RO         7019    i.next_id_get       peer_id.o
    0x0002c5f4   0x0000002c   Code   RO          857    i.notif_uid_parse   ancs_attr_parser.o
    0x0002c620   0x00000016   Code   RO        10415    i.nrf_atfifo_clear  nrf_atfifo.o
    0x0002c636   0x00000028   Code   RO        10417    i.nrf_atfifo_init   nrf_atfifo.o
    0x0002c65e   0x0000001c   Code   RO        10418    i.nrf_atfifo_item_alloc  nrf_atfifo.o
    0x0002c67a   0x0000001c   Code   RO        10419    i.nrf_atfifo_item_free  nrf_atfifo.o
    0x0002c696   0x0000001c   Code   RO        10420    i.nrf_atfifo_item_get  nrf_atfifo.o
    0x0002c6b2   0x0000001c   Code   RO        10421    i.nrf_atfifo_item_put  nrf_atfifo.o
    0x0002c6ce   0x0000001e   Code   RO        10486    i.nrf_atflags_clear  nrf_atflags.o
    0x0002c6ec   0x0000002e   Code   RO        10488    i.nrf_atflags_fetch_set  nrf_atflags.o
    0x0002c71a   0x00000060   Code   RO        10490    i.nrf_atflags_find_and_set_flag  nrf_atflags.o
    0x0002c77a   0x0000001e   Code   RO        10491    i.nrf_atflags_get   nrf_atflags.o
    0x0002c798   0x0000001e   Code   RO        10493    i.nrf_atflags_set   nrf_atflags.o
    0x0002c7b6   0x0000000e   Code   RO        10554    i.nrf_atomic_flag_clear_fetch  nrf_atomic.o
    0x0002c7c4   0x0000000e   Code   RO        10555    i.nrf_atomic_flag_set  nrf_atomic.o
    0x0002c7d2   0x0000000e   Code   RO        10556    i.nrf_atomic_flag_set_fetch  nrf_atomic.o
    0x0002c7e0   0x00000016   Code   RO        10557    i.nrf_atomic_u32_add  nrf_atomic.o
    0x0002c7f6   0x00000016   Code   RO        10558    i.nrf_atomic_u32_and  nrf_atomic.o
    0x0002c80c   0x00000016   Code   RO        10560    i.nrf_atomic_u32_fetch_add  nrf_atomic.o
    0x0002c822   0x00000016   Code   RO        10561    i.nrf_atomic_u32_fetch_and  nrf_atomic.o
    0x0002c838   0x00000016   Code   RO        10562    i.nrf_atomic_u32_fetch_or  nrf_atomic.o
    0x0002c84e   0x00000016   Code   RO        10563    i.nrf_atomic_u32_fetch_store  nrf_atomic.o
    0x0002c864   0x00000016   Code   RO        10567    i.nrf_atomic_u32_or  nrf_atomic.o
    0x0002c87a   0x00000016   Code   RO        10569    i.nrf_atomic_u32_sub  nrf_atomic.o
    0x0002c890   0x00000052   Code   RO        10691    i.nrf_balloc_alloc  nrf_balloc.o
    0x0002c8e2   0x00000010   Code   RO        10692    i.nrf_balloc_block2idx  nrf_balloc.o
    0x0002c8f2   0x00000030   Code   RO        10693    i.nrf_balloc_free   nrf_balloc.o
    0x0002c922   0x0000000c   Code   RO        10694    i.nrf_balloc_idx2block  nrf_balloc.o
    0x0002c92e   0x0000003c   Code   RO        10695    i.nrf_balloc_init   nrf_balloc.o
    0x0002c96a   0x00000016   Code   RO         8526    i.nrf_bitmask_bit_is_set  nrfx_gpiote.o
    0x0002c980   0x00000016   Code   RO         8527    i.nrf_bitmask_bit_set  nrfx_gpiote.o
    0x0002c996   0x00000002   PAD
    0x0002c998   0x00000108   Code   RO         6370    i.nrf_ble_gatt_on_ble_evt  nrf_ble_gatt.o
    0x0002caa0   0x0000007c   Code   RO         6486    i.nrf_ble_qwr_on_ble_evt  nrf_ble_qwr.o
    0x0002cb1c   0x00000054   Code   RO         6544    i.nrf_ble_scan_connect_with_target  nrf_ble_scan.o
    0x0002cb70   0x000000d0   Code   RO         6554    i.nrf_ble_scan_on_adv_report  nrf_ble_scan.o
    0x0002cc40   0x00000056   Code   RO         6555    i.nrf_ble_scan_on_ble_evt  nrf_ble_scan.o
    0x0002cc96   0x00000034   Code   RO         6556    i.nrf_ble_scan_on_connected_evt  nrf_ble_scan.o
    0x0002ccca   0x0000003a   Code   RO         6557    i.nrf_ble_scan_on_req_report  nrf_ble_scan.o
    0x0002cd04   0x00000038   Code   RO         6558    i.nrf_ble_scan_on_timeout  nrf_ble_scan.o
    0x0002cd3c   0x00000004   Code   RO         6561    i.nrf_ble_scan_stop  nrf_ble_scan.o
    0x0002cd40   0x00000012   Code   RO         8354    i.nrf_clock_event_check  nrfx_clock.o
    0x0002cd52   0x00000012   Code   RO         8355    i.nrf_clock_event_clear  nrfx_clock.o
    0x0002cd64   0x0000000c   Code   RO         8356    i.nrf_clock_int_disable  nrfx_clock.o
    0x0002cd70   0x0000000c   Code   RO         8357    i.nrf_clock_int_enable  nrfx_clock.o
    0x0002cd7c   0x00000008   Code   RO         8358    i.nrf_clock_task_trigger  nrfx_clock.o
    0x0002cd84   0x00000030   Code   RO         3087    i.nrf_delay_ms      st7789.o
    0x0002cdb4   0x00000040   Code   RO         8011    i.nrf_drv_clock_init  nrf_drv_clock.o
    0x0002cdf4   0x00000030   Code   RO         8015    i.nrf_drv_clock_lfclk_release  nrf_drv_clock.o
    0x0002ce24   0x0000006c   Code   RO         8016    i.nrf_drv_clock_lfclk_request  nrf_drv_clock.o
    0x0002ce90   0x00000048   Code   RO         9358    i.nrf_drv_spi_init  nrf_drv_spi.o
    0x0002ced8   0x0000008c   Code   RO         8159    i.nrf_drv_uart_init  nrf_drv_uart.o
    0x0002cf64   0x0000002a   Code   RO        10738    i.nrf_fprintf       nrf_fprintf.o
    0x0002cf8e   0x0000001c   Code   RO        10739    i.nrf_fprintf_buffer_flush  nrf_fprintf.o
    0x0002cfaa   0x000001f0   Code   RO        10779    i.nrf_fprintf_fmt   nrf_fprintf_format.o
    0x0002d19a   0x00000002   PAD
    0x0002d19c   0x00000170   Code   RO        10825    i.nrf_fstorage_erase  nrf_fstorage.o
    0x0002d30c   0x0000001c   Code   RO        10919    i.nrf_fstorage_sdh_req_handler  nrf_fstorage_sd.o
    0x0002d328   0x0000002c   Code   RO        10920    i.nrf_fstorage_sdh_state_handler  nrf_fstorage_sd.o
    0x0002d354   0x0000008c   Code   RO        10921    i.nrf_fstorage_sys_evt_handler  nrf_fstorage_sd.o
    0x0002d3e0   0x00000264   Code   RO        10832    i.nrf_fstorage_write  nrf_fstorage.o
    0x0002d644   0x00000028   Code   RO         8899    i.nrf_gpio_cfg      nrfx_uart.o
    0x0002d66c   0x00000028   Code   RO         9144    i.nrf_gpio_cfg      nrfx_uarte.o
    0x0002d694   0x00000028   Code   RO         9412    i.nrf_gpio_cfg      nrfx_spi.o
    0x0002d6bc   0x00000018   Code   RO         8900    i.nrf_gpio_cfg_default  nrfx_uart.o
    0x0002d6d4   0x00000018   Code   RO         9145    i.nrf_gpio_cfg_default  nrfx_uarte.o
    0x0002d6ec   0x0000001a   Code   RO         8901    i.nrf_gpio_cfg_input  nrfx_uart.o
    0x0002d706   0x0000001a   Code   RO         9146    i.nrf_gpio_cfg_input  nrfx_uarte.o
    0x0002d720   0x00000030   Code   RO         3088    i.nrf_gpio_cfg_output  st7789.o
    0x0002d750   0x00000018   Code   RO         8902    i.nrf_gpio_cfg_output  nrfx_uart.o
    0x0002d768   0x00000018   Code   RO         9147    i.nrf_gpio_cfg_output  nrfx_uarte.o
    0x0002d780   0x00000018   Code   RO         9413    i.nrf_gpio_cfg_output  nrfx_spi.o
    0x0002d798   0x00000032   Code   RO         8530    i.nrf_gpio_cfg_sense_set  nrfx_gpiote.o
    0x0002d7ca   0x00000016   Code   RO         3089    i.nrf_gpio_pin_clear  st7789.o
    0x0002d7e0   0x00000016   Code   RO         9414    i.nrf_gpio_pin_clear  nrfx_spi.o
    0x0002d7f6   0x00000016   Code   RO         3090    i.nrf_gpio_pin_set  st7789.o
    0x0002d80c   0x00000016   Code   RO         8903    i.nrf_gpio_pin_set  nrfx_uart.o
    0x0002d822   0x00000016   Code   RO         9148    i.nrf_gpio_pin_set  nrfx_uarte.o
    0x0002d838   0x00000016   Code   RO         9415    i.nrf_gpio_pin_set  nrfx_spi.o
    0x0002d84e   0x00000002   PAD
    0x0002d850   0x00000028   Code   RO         8534    i.nrf_gpio_ports_read  nrfx_gpiote.o
    0x0002d878   0x0000000c   Code   RO         8535    i.nrf_gpiote_event_addr_get  nrfx_gpiote.o
    0x0002d884   0x0000001c   Code   RO         8536    i.nrf_gpiote_event_clear  nrfx_gpiote.o
    0x0002d8a0   0x00000016   Code   RO         8537    i.nrf_gpiote_event_is_set  nrfx_gpiote.o
    0x0002d8b6   0x00000002   PAD
    0x0002d8b8   0x00000054   Code   RO        11456    i.nrf_log_backend_add  nrf_log_frontend.o
    0x0002d90c   0x000000f2   Code   RO        11293    i.nrf_log_backend_serial_put  nrf_log_backend_serial.o
    0x0002d9fe   0x00000002   Code   RO        11333    i.nrf_log_backend_uart_flush  nrf_log_backend_uart.o
    0x0002da00   0x0000000c   Code   RO        11334    i.nrf_log_backend_uart_init  nrf_log_backend_uart.o
    0x0002da0c   0x00000038   Code   RO        11335    i.nrf_log_backend_uart_panic_set  nrf_log_backend_uart.o
    0x0002da44   0x00000020   Code   RO        11336    i.nrf_log_backend_uart_put  nrf_log_backend_uart.o
    0x0002da64   0x00000038   Code   RO        11458    i.nrf_log_color_id_get  nrf_log_frontend.o
    0x0002da9c   0x00000028   Code   RO        11412    i.nrf_log_default_backends_init  nrf_log_default_backends.o
    0x0002dac4   0x00000318   Code   RO        11459    i.nrf_log_frontend_dequeue  nrf_log_frontend.o
    0x0002dddc   0x00000014   Code   RO        11461    i.nrf_log_frontend_std_0  nrf_log_frontend.o
    0x0002ddf0   0x00000018   Code   RO        11462    i.nrf_log_frontend_std_1  nrf_log_frontend.o
    0x0002de08   0x00000020   Code   RO        11463    i.nrf_log_frontend_std_2  nrf_log_frontend.o
    0x0002de28   0x00000028   Code   RO        11464    i.nrf_log_frontend_std_3  nrf_log_frontend.o
    0x0002de50   0x0000002c   Code   RO        11465    i.nrf_log_frontend_std_4  nrf_log_frontend.o
    0x0002de7c   0x00000038   Code   RO        11466    i.nrf_log_frontend_std_5  nrf_log_frontend.o
    0x0002deb4   0x000000bc   Code   RO        11652    i.nrf_log_hexdump_entry_process  nrf_log_str_formatter.o
    0x0002df70   0x00000058   Code   RO        11468    i.nrf_log_init      nrf_log_frontend.o
    0x0002dfc8   0x00000014   Code   RO        11469    i.nrf_log_module_cnt_get  nrf_log_frontend.o
    0x0002dfdc   0x00000024   Code   RO        11473    i.nrf_log_module_name_get  nrf_log_frontend.o
    0x0002e000   0x00000038   Code   RO        11474    i.nrf_log_panic     nrf_log_frontend.o
    0x0002e038   0x000000c8   Code   RO        11653    i.nrf_log_std_entry_process  nrf_log_str_formatter.o
    0x0002e100   0x0000007a   Code   RO        11050    i.nrf_memobj_alloc  nrf_memobj.o
    0x0002e17a   0x00000040   Code   RO        11051    i.nrf_memobj_free   nrf_memobj.o
    0x0002e1ba   0x00000010   Code   RO        11052    i.nrf_memobj_get    nrf_memobj.o
    0x0002e1ca   0x0000000c   Code   RO        11053    i.nrf_memobj_pool_init  nrf_memobj.o
    0x0002e1d6   0x0000001e   Code   RO        11054    i.nrf_memobj_put    nrf_memobj.o
    0x0002e1f4   0x00000022   Code   RO        11055    i.nrf_memobj_read   nrf_memobj.o
    0x0002e216   0x00000022   Code   RO        11056    i.nrf_memobj_write  nrf_memobj.o
    0x0002e238   0x00000016   Code   RO         5920    i.nrf_mtx_unlock    gatt_cache_manager.o
    0x0002e24e   0x0000001c   Code   RO        11119    i.nrf_ringbuf_init  nrf_ringbuf.o
    0x0002e26a   0x0000000e   Code   RO         4063    i.nrf_rtc_event_clear  port_cmsis_systick.o
    0x0002e278   0x00000006   Code   RO         4064    i.nrf_rtc_int_disable  port_cmsis_systick.o
    0x0002e27e   0x00000006   Code   RO         4065    i.nrf_rtc_int_enable  port_cmsis_systick.o
    0x0002e284   0x00000006   Code   RO         4066    i.nrf_rtc_task_trigger  port_cmsis_systick.o
    0x0002e28a   0x00000002   PAD
    0x0002e28c   0x000000b4   Code   RO        12198    i.nrf_sdh_ble_evts_poll  nrf_sdh_ble.o
    0x0002e340   0x00000064   Code   RO        12073    i.nrf_sdh_disable_request  nrf_sdh.o
    0x0002e3a4   0x00000084   Code   RO        12074    i.nrf_sdh_enable_request  nrf_sdh.o
    0x0002e428   0x0000000c   Code   RO        12076    i.nrf_sdh_is_enabled  nrf_sdh.o
    0x0002e434   0x00000028   Code   RO        12078    i.nrf_sdh_request_continue  nrf_sdh.o
    0x0002e45c   0x00000098   Code   RO        12298    i.nrf_sdh_soc_evts_poll  nrf_sdh_soc.o
    0x0002e4f4   0x00000006   Code   RO        12081    i.nrf_section_iter_get  nrf_sdh.o
    0x0002e4fa   0x00000014   Code   RO        11177    i.nrf_section_iter_init  nrf_section_iter.o
    0x0002e50e   0x0000002e   Code   RO        11178    i.nrf_section_iter_item_set  nrf_section_iter.o
    0x0002e53c   0x0000002e   Code   RO        11179    i.nrf_section_iter_next  nrf_section_iter.o
    0x0002e56a   0x0000000e   Code   RO         9416    i.nrf_spi_event_clear  nrfx_spi.o
    0x0002e578   0x00000006   Code   RO         9417    i.nrf_spi_int_disable  nrfx_spi.o
    0x0002e57e   0x00000006   Code   RO         9418    i.nrf_spi_int_enable  nrfx_spi.o
    0x0002e584   0x00000006   Code   RO         9419    i.nrf_spi_txd_set   nrfx_spi.o
    0x0002e58a   0x00000002   PAD
    0x0002e58c   0x00000040   Code   RO        11212    i.nrf_strerror_find  nrf_strerror.o
    0x0002e5cc   0x0000001c   Code   RO        11213    i.nrf_strerror_get  nrf_strerror.o
    0x0002e5e8   0x0000000c   Code   RO         8904    i.nrf_uart_errorsrc_get_and_clear  nrfx_uart.o
    0x0002e5f4   0x0000000e   Code   RO         8905    i.nrf_uart_event_check  nrfx_uart.o
    0x0002e602   0x0000000e   Code   RO         8906    i.nrf_uart_event_clear  nrfx_uart.o
    0x0002e610   0x0000000a   Code   RO         8907    i.nrf_uart_hwfc_pins_set  nrfx_uart.o
    0x0002e61a   0x00000006   Code   RO         8908    i.nrf_uart_int_disable  nrfx_uart.o
    0x0002e620   0x00000006   Code   RO         8909    i.nrf_uart_int_enable  nrfx_uart.o
    0x0002e626   0x00000012   Code   RO         8910    i.nrf_uart_int_enable_check  nrfx_uart.o
    0x0002e638   0x00000006   Code   RO         8911    i.nrf_uart_task_trigger  nrfx_uart.o
    0x0002e63e   0x0000000a   Code   RO         8912    i.nrf_uart_txrx_pins_set  nrfx_uart.o
    0x0002e648   0x0000000c   Code   RO         9149    i.nrf_uarte_errorsrc_get_and_clear  nrfx_uarte.o
    0x0002e654   0x0000000e   Code   RO         9150    i.nrf_uarte_event_check  nrfx_uarte.o
    0x0002e662   0x0000000e   Code   RO         9151    i.nrf_uarte_event_clear  nrfx_uarte.o
    0x0002e670   0x0000000c   Code   RO         9152    i.nrf_uarte_hwfc_pins_set  nrfx_uarte.o
    0x0002e67c   0x00000006   Code   RO         9153    i.nrf_uarte_int_disable  nrfx_uarte.o
    0x0002e682   0x00000006   Code   RO         9154    i.nrf_uarte_int_enable  nrfx_uarte.o
    0x0002e688   0x0000000a   Code   RO         9155    i.nrf_uarte_rx_amount_get  nrfx_uarte.o
    0x0002e692   0x0000000c   Code   RO         9156    i.nrf_uarte_shorts_disable  nrfx_uarte.o
    0x0002e69e   0x00000006   Code   RO         9157    i.nrf_uarte_task_trigger  nrfx_uarte.o
    0x0002e6a4   0x0000000e   Code   RO         9158    i.nrf_uarte_txrx_pins_set  nrfx_uarte.o
    0x0002e6b2   0x00000002   PAD
    0x0002e6b4   0x00000040   Code   RO         8359    i.nrfx_clock_anomaly_132  nrfx_clock.o
    0x0002e6f4   0x00000014   Code   RO         8364    i.nrfx_clock_enable  nrfx_clock.o
    0x0002e708   0x00000024   Code   RO         8367    i.nrfx_clock_init   nrfx_clock.o
    0x0002e72c   0x0000001c   Code   RO         8369    i.nrfx_clock_lfclk_start  nrfx_clock.o
    0x0002e748   0x00000020   Code   RO         8370    i.nrfx_clock_lfclk_stop  nrfx_clock.o
    0x0002e768   0x00000008   Code   RO         8372    i.nrfx_get_irq_number  nrfx_clock.o
    0x0002e770   0x00000008   Code   RO         8913    i.nrfx_get_irq_number  nrfx_uart.o
    0x0002e778   0x00000008   Code   RO         9159    i.nrfx_get_irq_number  nrfx_uarte.o
    0x0002e780   0x00000008   Code   RO         9420    i.nrfx_get_irq_number  nrfx_spi.o
    0x0002e788   0x00000014   Code   RO         9160    i.nrfx_is_in_ram    nrfx_uarte.o
    0x0002e79c   0x000000a4   Code   RO         8373    i.nrfx_power_clock_irq_init  nrfx_clock.o
    0x0002e840   0x0000004e   Code   RO         8843    i.nrfx_prs_acquire  nrfx_prs.o
    0x0002e88e   0x00000016   Code   RO         8844    i.nrfx_prs_release  nrfx_prs.o
    0x0002e8a4   0x000001ec   Code   RO         9422    i.nrfx_spi_init     nrfx_spi.o
    0x0002ea90   0x00000070   Code   RO         9424    i.nrfx_spi_xfer     nrfx_spi.o
    0x0002eb00   0x00000014   Code   RO         8914    i.nrfx_uart_0_irq_handler  nrfx_uart.o
    0x0002eb14   0x00000088   Code   RO         8916    i.nrfx_uart_init    nrfx_uart.o
    0x0002eb9c   0x0000008c   Code   RO         8922    i.nrfx_uart_tx      nrfx_uart.o
    0x0002ec28   0x00000024   Code   RO         8924    i.nrfx_uart_tx_in_progress  nrfx_uart.o
    0x0002ec4c   0x00000044   Code   RO         8925    i.nrfx_uart_uninit  nrfx_uart.o
    0x0002ec90   0x00000014   Code   RO         9161    i.nrfx_uarte_0_irq_handler  nrfx_uarte.o
    0x0002eca4   0x00000080   Code   RO         9163    i.nrfx_uarte_init   nrfx_uarte.o
    0x0002ed24   0x000000a8   Code   RO         9167    i.nrfx_uarte_tx     nrfx_uarte.o
    0x0002edcc   0x00000020   Code   RO         9169    i.nrfx_uarte_tx_in_progress  nrfx_uarte.o
    0x0002edec   0x00000040   Code   RO         9170    i.nrfx_uarte_uninit  nrfx_uarte.o
    0x0002ee2c   0x000001bc   Code   RO         5748    i.on_characteristic_discovery_rsp  ble_db_discovery.o
    0x0002efe8   0x00000030   Code   RO         5395    i.on_conn_params_update  ble_conn_params.o
    0x0002f018   0x000000d4   Code   RO          600    i.on_connect        ly_ble_tus.o
    0x0002f0ec   0x00000070   Code   RO         5396    i.on_connect        ble_conn_params.o
    0x0002f15c   0x0000000e   Code   RO         5250    i.on_connected      ble_advertising.o
    0x0002f16a   0x00000002   PAD
    0x0002f16c   0x000000c4   Code   RO         6371    i.on_connected_evt  nrf_ble_gatt.o
    0x0002f230   0x0000001e   Code   RO          987    i.on_ctrlpt_error_rsp  nrf_ble_ancs_c.o
    0x0002f24e   0x00000002   PAD
    0x0002f250   0x00000054   Code   RO         6372    i.on_data_length_update_evt  nrf_ble_gatt.o
    0x0002f2a4   0x00000030   Code   RO         6373    i.on_data_length_update_request_evt  nrf_ble_gatt.o
    0x0002f2d4   0x00000130   Code   RO         5749    i.on_descriptor_discovery_rsp  ble_db_discovery.o
    0x0002f404   0x00000032   Code   RO         5397    i.on_disconnect     ble_conn_params.o
    0x0002f436   0x00000010   Code   RO          988    i.on_disconnected   nrf_ble_ancs_c.o
    0x0002f446   0x00000032   Code   RO         5251    i.on_disconnected   ble_advertising.o
    0x0002f478   0x0000001e   Code   RO         5750    i.on_disconnected   ble_db_discovery.o
    0x0002f496   0x00000014   Code   RO         6374    i.on_disconnected_evt  nrf_ble_gatt.o
    0x0002f4aa   0x0000003e   Code   RO          989    i.on_evt_gattc_notif  nrf_ble_ancs_c.o
    0x0002f4e8   0x000000c8   Code   RO         6375    i.on_exchange_mtu_request_evt  nrf_ble_gatt.o
    0x0002f5b0   0x00000064   Code   RO         6376    i.on_exchange_mtu_rsp_evt  nrf_ble_gatt.o
    0x0002f614   0x00000038   Code   RO          683    i.on_hvx            ly_ble_tus_c.o
    0x0002f64c   0x000000a4   Code   RO          601    i.on_hvx_tx_complete  ly_ble_tus.o
    0x0002f6f0   0x00000024   Code   RO        10922    i.on_operation_failure  nrf_fstorage_sd.o
    0x0002f714   0x00000060   Code   RO        10923    i.on_operation_success  nrf_fstorage_sd.o
    0x0002f774   0x00000078   Code   RO         5751    i.on_primary_srv_discovery_rsp  ble_db_discovery.o
    0x0002f7ec   0x0000006a   Code   RO         6487    i.on_rw_authorize_request  nrf_ble_qwr.o
    0x0002f856   0x00000002   PAD
    0x0002f858   0x0000009c   Code   RO         5752    i.on_srv_disc_completion  ble_db_discovery.o
    0x0002f8f4   0x00000040   Code   RO         5252    i.on_terminated     ble_advertising.o
    0x0002f934   0x00000002   Code   RO         6488    i.on_user_mem_release  nrf_ble_qwr.o
    0x0002f936   0x00000020   Code   RO         6489    i.on_user_mem_request  nrf_ble_qwr.o
    0x0002f956   0x00000002   PAD
    0x0002f958   0x000000f4   Code   RO          602    i.on_write          ly_ble_tus.o
    0x0002fa4c   0x00000058   Code   RO         5398    i.on_write          ble_conn_params.o
    0x0002faa4   0x0000002c   Code   RO          990    i.on_write_rsp      nrf_ble_ancs_c.o
    0x0002fad0   0x00000044   Code   RO         9917    i.page_from_record  fds.o
    0x0002fb14   0x00000034   Code   RO         9918    i.page_has_space    fds.o
    0x0002fb48   0x0000001c   Code   RO         9921    i.page_offsets_update  fds.o
    0x0002fb64   0x00000020   Code   RO         9923    i.page_tag_write_data  fds.o
    0x0002fb84   0x00000024   Code   RO         9924    i.page_tag_write_swap  fds.o
    0x0002fba8   0x00000014   Code   RO         7586    i.pairing           security_dispatcher.o
    0x0002fbbc   0x00000080   Code   RO         7587    i.pairing_failure   security_dispatcher.o
    0x0002fc3c   0x00000034   Code   RO         7588    i.pairing_success_evt_send  security_dispatcher.o
    0x0002fc70   0x00000010   Code   RO         7790    i.params_reply_pending_handle  security_manager.o
    0x0002fc80   0x0000002c   Code   RO         7791    i.params_req_send   security_manager.o
    0x0002fcac   0x000000b4   Code   RO          991    i.parse_notif       nrf_ble_ancs_c.o
    0x0002fd60   0x00000020   Code   RO         6864    i.pdb_evt_send      peer_database.o
    0x0002fd80   0x0000006c   Code   RO         6866    i.pdb_pds_evt_handler  peer_database.o
    0x0002fdec   0x00000016   Code   RO         6867    i.pdb_peer_data_ptr_get  peer_database.o
    0x0002fe02   0x00000002   PAD
    0x0002fe04   0x000000ac   Code   RO         6868    i.pdb_peer_free     peer_database.o
    0x0002feb0   0x000000f0   Code   RO         6869    i.pdb_write_buf_get  peer_database.o
    0x0002ffa0   0x00000020   Code   RO         6870    i.pdb_write_buf_release  peer_database.o
    0x0002ffc0   0x00000044   Code   RO         6871    i.pdb_write_buf_store  peer_database.o
    0x00030004   0x00000024   Code   RO         6691    i.pds_evt_send      peer_data_storage.o
    0x00030028   0x0000000c   Code   RO         6693    i.pds_next_deleted_peer_id_get  peer_data_storage.o
    0x00030034   0x0000000c   Code   RO         6694    i.pds_next_peer_id_get  peer_data_storage.o
    0x00030040   0x0000006c   Code   RO         6697    i.pds_peer_data_iterate  peer_data_storage.o
    0x000300ac   0x00000010   Code   RO         6698    i.pds_peer_data_iterate_prepare  peer_data_storage.o
    0x000300bc   0x0000009a   Code   RO         6699    i.pds_peer_data_read  peer_data_storage.o
    0x00030156   0x00000002   PAD
    0x00030158   0x000000bc   Code   RO         6700    i.pds_peer_data_store  peer_data_storage.o
    0x00030214   0x0000000c   Code   RO         6701    i.pds_peer_id_allocate  peer_data_storage.o
    0x00030220   0x0000001e   Code   RO         6702    i.pds_peer_id_free  peer_data_storage.o
    0x0003023e   0x0000000c   Code   RO         6703    i.pds_peer_id_is_allocated  peer_data_storage.o
    0x0003024a   0x0000001c   Code   RO         6872    i.peer_data_const_point_to_buffer  peer_database.o
    0x00030266   0x00000002   PAD
    0x00030268   0x000000a0   Code   RO         6705    i.peer_data_delete_process  peer_data_storage.o
    0x00030308   0x00000040   Code   RO         6706    i.peer_data_find    peer_data_storage.o
    0x00030348   0x00000026   Code   RO         6707    i.peer_data_id_is_valid  peer_data_storage.o
    0x0003036e   0x0000000a   Code   RO         6708    i.peer_data_id_to_record_key  peer_data_storage.o
    0x00030378   0x0000001a   Code   RO         6873    i.peer_data_point_to_buffer  peer_database.o
    0x00030392   0x00000002   PAD
    0x00030394   0x00000014   Code   RO         7020    i.peer_id_allocate  peer_id.o
    0x000303a8   0x0000002c   Code   RO         7021    i.peer_id_delete    peer_id.o
    0x000303d4   0x0000001c   Code   RO         7022    i.peer_id_free      peer_id.o
    0x000303f0   0x00000014   Code   RO         7023    i.peer_id_get_next_deleted  peer_id.o
    0x00030404   0x00000038   Code   RO         7024    i.peer_id_get_next_used  peer_id.o
    0x0003043c   0x0000001c   Code   RO         7026    i.peer_id_is_allocated  peer_id.o
    0x00030458   0x0000001c   Code   RO         7027    i.peer_id_is_deleted  peer_id.o
    0x00030474   0x0000000a   Code   RO         6709    i.peer_id_to_file_id  peer_data_storage.o
    0x0003047e   0x00000002   PAD
    0x00030480   0x00000034   Code   RO         5753    i.pending_user_evts_send  ble_db_discovery.o
    0x000304b4   0x00000016   Code   RO         5253    i.phy_is_valid      ble_advertising.o
    0x000304ca   0x00000078   Code   RO         8926    i.pins_to_default   nrfx_uart.o
    0x00030542   0x0000007e   Code   RO         9171    i.pins_to_default   nrfx_uarte.o
    0x000305c0   0x00000062   Code   RO         7517    i.pm_buffer_block_acquire  pm_buffer.o
    0x00030622   0x00000030   Code   RO         7519    i.pm_buffer_ptr_get  pm_buffer.o
    0x00030652   0x00000028   Code   RO         7520    i.pm_buffer_release  pm_buffer.o
    0x0003067a   0x00000002   PAD
    0x0003067c   0x00000080   Code   RO         7120    i.pm_conn_sec_status_get  peer_manager.o
    0x000306fc   0x0000002c   Code   RO         7121    i.pm_conn_secure    peer_manager.o
    0x00030728   0x0000000c   Code   RO         7123    i.pm_gcm_evt_handler  peer_manager.o
    0x00030734   0x0000000c   Code   RO         7124    i.pm_gscm_evt_handler  peer_manager.o
    0x00030740   0x0000001a   Code   RO         7435    i.pm_handler_secure_on_connection  peer_manager_handler.o
    0x0003075a   0x0000000c   Code   RO         7127    i.pm_im_evt_handler  peer_manager.o
    0x00030766   0x00000002   PAD
    0x00030768   0x00000184   Code   RO         7132    i.pm_pdb_evt_handler  peer_manager.o
    0x000308ec   0x00000114   Code   RO         7148    i.pm_peer_ranks_get  peer_manager.o
    0x00030a00   0x00000016   Code   RO         7154    i.pm_sm_evt_handler  peer_manager.o
    0x00030a16   0x00000002   PAD
    0x00030a18   0x00000048   Code   RO        11655    i.postfix_process   nrf_log_str_formatter.o
    0x00030a60   0x000000a4   Code   RO        11656    i.prefix_process    nrf_log_str_formatter.o
    0x00030b04   0x00000018   Code   RO         8845    i.prs_box_get       nrfx_prs.o
    0x00030b1c   0x00000098   Code   RO         4519    i.prvAddCurrentTaskToDelayedList  tasks.o
    0x00030bb4   0x000000d0   Code   RO         4520    i.prvAddNewTaskToReadyList  tasks.o
    0x00030c84   0x00000064   Code   RO         4891    i.prvCheckForValidListAndQueue  timers.o
    0x00030ce8   0x00000048   Code   RO         4521    i.prvCheckTasksWaitingTermination  tasks.o
    0x00030d30   0x0000002a   Code   RO         4151    i.prvCopyDataFromQueue  queue.o
    0x00030d5a   0x0000007c   Code   RO         4152    i.prvCopyDataToQueue  queue.o
    0x00030dd6   0x00000012   Code   RO         4522    i.prvDeleteTCB      tasks.o
    0x00030de8   0x0000004c   Code   RO         4523    i.prvGetExpectedIdleTime  tasks.o
    0x00030e34   0x00000028   Code   RO         4892    i.prvGetNextExpireTime  timers.o
    0x00030e5c   0x0000006c   Code   RO         4524    i.prvIdleTask       tasks.o
    0x00030ec8   0x00000026   Code   RO         4155    i.prvInitialiseNewQueue  queue.o
    0x00030eee   0x00000090   Code   RO         4525    i.prvInitialiseNewTask  tasks.o
    0x00030f7e   0x0000002e   Code   RO         4893    i.prvInitialiseNewTimer  timers.o
    0x00030fac   0x00000068   Code   RO         4526    i.prvInitialiseTaskLists  tasks.o
    0x00031014   0x00000058   Code   RO         4894    i.prvInsertTimerInActiveList  timers.o
    0x0003106c   0x0000001a   Code   RO         4156    i.prvIsQueueEmpty   queue.o
    0x00031086   0x0000001e   Code   RO         4157    i.prvIsQueueFull    queue.o
    0x000310a4   0x0000004c   Code   RO         4895    i.prvProcessExpiredTimer  timers.o
    0x000310f0   0x000000cc   Code   RO         4896    i.prvProcessReceivedCommands  timers.o
    0x000311bc   0x00000090   Code   RO         4897    i.prvProcessTimerOrBlockTask  timers.o
    0x0003124c   0x00000034   Code   RO         4527    i.prvResetNextTaskUnblockTime  tasks.o
    0x00031280   0x0000002c   Code   RO         4898    i.prvSampleTimeNow  timers.o
    0x000312ac   0x00000084   Code   RO         4899    i.prvSwitchTimerLists  timers.o
    0x00031330   0x0000000a   Code   RO         3988    i.prvTaskExitError  port_cmsis.o
    0x0003133a   0x00000002   PAD
    0x0003133c   0x00000040   Code   RO         4529    i.prvTaskIsTaskSuspended  tasks.o
    0x0003137c   0x0000001a   Code   RO         4900    i.prvTimerTask      timers.o
    0x00031396   0x0000007e   Code   RO         4158    i.prvUnlockQueue    queue.o
    0x00031414   0x00000070   Code   RO         3869    i.pvPortMalloc      heap_1.o
    0x00031484   0x00000034   Code   RO         3989    i.pxPortInitialiseStack  port_cmsis.o
    0x000314b8   0x00000020   Code   RO         9926    i.queue_buf_get     fds.o
    0x000314d8   0x00000014   Code   RO         9927    i.queue_buf_store   fds.o
    0x000314ec   0x00000014   Code   RO         9928    i.queue_free        fds.o
    0x00031500   0x00000018   Code   RO        10924    i.queue_free        nrf_fstorage_sd.o
    0x00031518   0x00000018   Code   RO         9929    i.queue_has_next    fds.o
    0x00031530   0x00000014   Code   RO         9931    i.queue_load        fds.o
    0x00031544   0x0000002c   Code   RO        10925    i.queue_load_next   nrf_fstorage_sd.o
    0x00031570   0x000000c0   Code   RO         9932    i.queue_process     fds.o
    0x00031630   0x00000090   Code   RO        10926    i.queue_process     nrf_fstorage_sd.o
    0x000316c0   0x00000018   Code   RO         9933    i.queue_start       fds.o
    0x000316d8   0x0000001c   Code   RO        10927    i.queue_start       nrf_fstorage_sd.o
    0x000316f4   0x00000030   Code   RO         7158    i.rank_vars_update  peer_manager.o
    0x00031724   0x0000001c   Code   RO        10928    i.read              nrf_fstorage_sd.o
    0x00031740   0x00000078   Code   RO         6874    i.reattempt_previous_operations  peer_database.o
    0x000317b8   0x00000028   Code   RO         5506    i.record_activate   ble_conn_state.o
    0x000317e0   0x0000008c   Code   RO         9934    i.record_find       fds.o
    0x0003186c   0x0000003a   Code   RO         9935    i.record_find_and_delete  fds.o
    0x000318a6   0x00000002   PAD
    0x000318a8   0x0000007c   Code   RO         9936    i.record_find_by_desc  fds.o
    0x00031924   0x00000078   Code   RO         9937    i.record_find_next  fds.o
    0x0003199c   0x0000003c   Code   RO         9938    i.record_header_flag_dirty  fds.o
    0x000319d8   0x0000002c   Code   RO         9939    i.record_header_write_begin  fds.o
    0x00031a04   0x00000038   Code   RO         9940    i.record_header_write_finalize  fds.o
    0x00031a3c   0x00000038   Code   RO         9941    i.record_header_write_id  fds.o
    0x00031a74   0x00000010   Code   RO         9942    i.record_id_new     fds.o
    0x00031a84   0x00000020   Code   RO         5507    i.record_invalidate  ble_conn_state.o
    0x00031aa4   0x00000048   Code   RO         5508    i.record_purge_disconnected  ble_conn_state.o
    0x00031aec   0x00000014   Code   RO         5509    i.record_set_disconnected  ble_conn_state.o
    0x00031b00   0x00000030   Code   RO         9943    i.record_write_data  fds.o
    0x00031b30   0x00000040   Code   RO         5755    i.registered_handler_get  ble_db_discovery.o
    0x00031b70   0x00000014   Code   RO         7029    i.release           peer_id.o
    0x00031b84   0x00000006   Code   RO        10929    i.rmap              nrf_fstorage_sd.o
    0x00031b8a   0x0000003e   Code   RO         8927    i.rx_byte           nrfx_uart.o
    0x00031bc8   0x0000001c   Code   RO         8928    i.rx_done_event     nrfx_uart.o
    0x00031be4   0x0000001c   Code   RO         9172    i.rx_done_event     nrfx_uarte.o
    0x00031c00   0x00000020   Code   RO         5921    i.sc_send_pending_handle  gatt_cache_manager.o
    0x00031c20   0x00000098   Code   RO        12082    i.sd_nvic_EnableIRQ  nrf_sdh.o
    0x00031cb8   0x00000068   Code   RO         4067    i.sd_nvic_critical_region_enter  port_cmsis_systick.o
    0x00031d20   0x00000068   Code   RO         9773    i.sd_nvic_critical_region_enter  app_util_platform.o
    0x00031d88   0x00000068   Code   RO         8018    i.sd_state_evt_handler  nrf_drv_clock.o
    0x00031df0   0x0000003c   Code   RO        12083    i.sdh_request_observer_notify  nrf_sdh.o
    0x00031e2c   0x00000034   Code   RO        12084    i.sdh_state_observer_notify  nrf_sdh.o
    0x00031e60   0x000000f8   Code   RO         7589    i.sec_info_request_process  security_dispatcher.o
    0x00031f58   0x00000110   Code   RO         7590    i.sec_keyset_fill   security_dispatcher.o
    0x00032068   0x00000030   Code   RO         7591    i.sec_params_request_process  security_dispatcher.o
    0x00032098   0x00000058   Code   RO         7592    i.sec_proc_start    security_dispatcher.o
    0x000320f0   0x00000014   Code   RO         7593    i.sec_procedure     security_dispatcher.o
    0x00032104   0x0000005c   Code   RO         7793    i.sec_req_process   security_manager.o
    0x00032160   0x00000044   Code   RO         7594    i.sec_request_process  security_dispatcher.o
    0x000321a4   0x00000028   Code   RO         7595    i.sec_start_send    security_dispatcher.o
    0x000321cc   0x00000022   Code   RO         7596    i.send_config_req   security_dispatcher.o
    0x000321ee   0x00000002   PAD
    0x000321f0   0x00000018   Code   RO         5399    i.send_error_evt    ble_conn_params.o
    0x00032208   0x00000028   Code   RO         7597    i.send_params_req   security_dispatcher.o
    0x00032230   0x00000024   Code   RO         7598    i.send_storage_full_evt  security_dispatcher.o
    0x00032254   0x00000028   Code   RO         5922    i.send_unexpected_error  gatt_cache_manager.o
    0x0003227c   0x0000002c   Code   RO         6713    i.send_unexpected_error  peer_data_storage.o
    0x000322a8   0x00000028   Code   RO         7599    i.send_unexpected_error  security_dispatcher.o
    0x000322d0   0x00000088   Code   RO        11337    i.serial_tx         nrf_log_backend_uart.o
    0x00032358   0x0000007c   Code   RO         5923    i.service_changed_cccd  gatt_cache_manager.o
    0x000323d4   0x00000020   Code   RO         5924    i.service_changed_needed  gatt_cache_manager.o
    0x000323f4   0x00000018   Code   RO         5925    i.service_changed_pending_flags_check  gatt_cache_manager.o
    0x0003240c   0x000000a8   Code   RO         6102    i.service_changed_pending_set  gatts_cache_manager.o
    0x000324b4   0x00000124   Code   RO         5926    i.service_changed_send_in_evt  gatt_cache_manager.o
    0x000325d8   0x0000003a   Code   RO         3091    i.set_addr_window   st7789.o
    0x00032612   0x00000030   Code   RO         5254    i.set_adv_mode_directed  ble_advertising.o
    0x00032642   0x00000024   Code   RO         5255    i.set_adv_mode_directed_high_duty  ble_advertising.o
    0x00032666   0x0000005c   Code   RO         5256    i.set_adv_mode_fast  ble_advertising.o
    0x000326c2   0x0000005c   Code   RO         5257    i.set_adv_mode_slow  ble_advertising.o
    0x0003271e   0x00000002   PAD
    0x00032720   0x00000034   Code   RO         7794    i.sm_ble_evt_handler  security_manager.o
    0x00032754   0x00000018   Code   RO         7798    i.sm_link_secure    security_manager.o
    0x0003276c   0x00000058   Code   RO         7799    i.sm_pdb_evt_handler  security_manager.o
    0x000327c4   0x00000032   Code   RO         7802    i.sm_smd_evt_handler  security_manager.o
    0x000327f6   0x00000058   Code   RO         7600    i.smd_ble_evt_handler  security_dispatcher.o
    0x0003284e   0x00000038   Code   RO         7603    i.smd_link_secure   security_dispatcher.o
    0x00032886   0x00000002   PAD
    0x00032888   0x000000c0   Code   RO         7604    i.smd_params_reply  security_dispatcher.o
    0x00032948   0x00000040   Code   RO         7803    i.smd_params_reply_perform  security_manager.o
    0x00032988   0x0000001c   Code   RO         8019    i.soc_evt_handler   nrf_drv_clock.o
    0x000329a4   0x000000ac   Code   RO        12085    i.softdevice_evt_irq_disable  nrf_sdh.o
    0x00032a50   0x00000060   Code   RO        12086    i.softdevices_evt_irq_enable  nrf_sdh.o
    0x00032ab0   0x00000040   Code   RO         9359    i.spi_evt_handler   nrf_drv_spi.o
    0x00032af0   0x0000006c   Code   RO         3092    i.spi_write         st7789.o
    0x00032b5c   0x000000a0   Code   RO         9425    i.spi_xfer          nrfx_spi.o
    0x00032bfc   0x000000b2   Code   RO         3093    i.st7789_draw_line  st7789.o
    0x00032cae   0x00000078   Code   RO         3094    i.st7789_draw_picture  st7789.o
    0x00032d26   0x00000036   Code   RO         3095    i.st7789_draw_pixel  st7789.o
    0x00032d5c   0x00000068   Code   RO         3096    i.st7789_fill       st7789.o
    0x00032dc4   0x00000044   Code   RO         3097    i.st7789_init       st7789.o
    0x00032e08   0x00000064   Code   RO        11476    i.std_header_set    nrf_log_frontend.o
    0x00032e6c   0x00000070   Code   RO        11477    i.std_n             nrf_log_frontend.o
    0x00032edc   0x00000010   Code   RO           13    i.step_timer_timeout_handler  main.o
    0x00032eec   0x00000078   Code   RO         5927    i.store_car_value   gatt_cache_manager.o
    0x00032f64   0x00000074   Code   RO        10780    i.string_print      nrf_fprintf_format.o
    0x00032fd8   0x00000074   Code   RO           14    i.system_timer_timeout_handler  main.o
    0x0003304c   0x000000f0   Code   RO           15    i.timers_init       main.o
    0x0003313c   0x00000002   Code   RO        11657    i.timestamp_print   nrf_log_str_formatter.o
    0x0003313e   0x00000082   Code   RO         9426    i.transfer_byte     nrfx_spi.o
    0x000331c0   0x00000036   Code   RO         8930    i.tx_blocking       nrfx_uart.o
    0x000331f6   0x00000002   PAD
    0x000331f8   0x00000090   Code   RO          930    i.tx_buffer_process  ancs_tx_buffer.o
    0x00033288   0x00000026   Code   RO         8931    i.tx_byte           nrfx_uart.o
    0x000332ae   0x00000020   Code   RO         8932    i.tx_done_event     nrfx_uart.o
    0x000332ce   0x00000020   Code   RO         9173    i.tx_done_event     nrfx_uarte.o
    0x000332ee   0x00000002   PAD
    0x000332f0   0x00000038   Code   RO         8160    i.uart_evt_handler  nrf_drv_uart.o
    0x00033328   0x0000000c   Code   RO        11338    i.uart_evt_handler  nrf_log_backend_uart.o
    0x00033334   0x00000068   Code   RO        11339    i.uart_init         nrf_log_backend_uart.o
    0x0003339c   0x0000014c   Code   RO         8933    i.uart_irq_handler  nrfx_uart.o
    0x000334e8   0x00000038   Code   RO         8161    i.uarte_evt_handler  nrf_drv_uart.o
    0x00033520   0x00000104   Code   RO         9174    i.uarte_irq_handler  nrfx_uarte.o
    0x00033624   0x00000002   Code   RO         1811    i.ui_analog_clock_enter  ui_analog_clock.o
    0x00033626   0x00000002   PAD
    0x00033628   0x00000018   Code   RO         1812    i.ui_analog_clock_exit  ui_analog_clock.o
    0x00033640   0x00000002   Code   RO         1813    i.ui_analog_clock_init  ui_analog_clock.o
    0x00033642   0x00000002   PAD
    0x00033644   0x0000004c   Code   RO         1814    i.ui_analog_clock_show  ui_analog_clock.o
    0x00033690   0x0000001c   Code   RO         1926    i.ui_blood_pressure_measure_enter  ui_blood_pressure_measure.o
    0x000336ac   0x00000020   Code   RO         1927    i.ui_blood_pressure_measure_exit  ui_blood_pressure_measure.o
    0x000336cc   0x0000001c   Code   RO         1929    i.ui_blood_pressure_measure_show  ui_blood_pressure_measure.o
    0x000336e8   0x00000010   Code   RO         1875    i.ui_charging_enter  ui_charging.o
    0x000336f8   0x00000020   Code   RO         1876    i.ui_charging_exit  ui_charging.o
    0x00033718   0x00000002   Code   RO         1877    i.ui_charging_init  ui_charging.o
    0x0003371a   0x00000002   PAD
    0x0003371c   0x00000038   Code   RO         1878    i.ui_charging_show  ui_charging.o
    0x00033754   0x0000001c   Code   RO         1609    i.ui_enter          ui_task.o
    0x00033770   0x0000001c   Code   RO         1610    i.ui_exit           ui_task.o
    0x0003378c   0x0000001c   Code   RO         1763    i.ui_heart_rate_measure_enter  ui_heart_rate_measure.o
    0x000337a8   0x00000020   Code   RO         1764    i.ui_heart_rate_measure_exit  ui_heart_rate_measure.o
    0x000337c8   0x00000002   Code   RO         1765    i.ui_heart_rate_measure_init  ui_heart_rate_measure.o
    0x000337ca   0x00000002   PAD
    0x000337cc   0x0000001c   Code   RO         1766    i.ui_heart_rate_measure_show  ui_heart_rate_measure.o
    0x000337e8   0x00000018   Code   RO         1611    i.ui_init           ui_task.o
    0x00033800   0x00000030   Code   RO         1562    i.ui_main_enter     ui_main.o
    0x00033830   0x00000020   Code   RO         1563    i.ui_main_exit      ui_main.o
    0x00033850   0x00000002   Code   RO         1564    i.ui_main_init      ui_main.o
    0x00033852   0x00000002   PAD
    0x00033854   0x000000bc   Code   RO         1565    i.ui_main_show      ui_main.o
    0x00033910   0x0000001c   Code   RO         1717    i.ui_notification_enter  ui_notification.o
    0x0003392c   0x00000020   Code   RO         1718    i.ui_notification_exit  ui_notification.o
    0x0003394c   0x00000002   Code   RO         1719    i.ui_notification_init  ui_notification.o
    0x0003394e   0x00000002   PAD
    0x00033950   0x00000048   Code   RO         1720    i.ui_notification_show  ui_notification.o
    0x00033998   0x0000004c   Code   RO         1613    i.ui_task           ui_task.o
    0x000339e4   0x0000001c   Code   RO         1970    i.ui_tire_setting_enter  ui_tire_setting.o
    0x00033a00   0x00000020   Code   RO         1971    i.ui_tire_setting_exit  ui_tire_setting.o
    0x00033a20   0x0000001c   Code   RO         1973    i.ui_tire_setting_show  ui_tire_setting.o
    0x00033a3c   0x00000002   Code   RO         2060    i.ui_tp_car_enter   ui_tp_car.o
    0x00033a3e   0x00000002   Code   RO         2061    i.ui_tp_car_exit    ui_tp_car.o
    0x00033a40   0x00000002   Code   RO         2063    i.ui_tp_car_show    ui_tp_car.o
    0x00033a42   0x00000002   Code   RO         2105    i.ui_tp_motor_enter  ui_tp_motor.o
    0x00033a44   0x00000002   Code   RO         2106    i.ui_tp_motor_exit  ui_tp_motor.o
    0x00033a46   0x00000002   Code   RO         2108    i.ui_tp_motor_show  ui_tp_motor.o
    0x00033a48   0x00000002   Code   RO         2147    i.ui_tp_suv_enter   ui_tp_suv.o
    0x00033a4a   0x00000002   Code   RO         2148    i.ui_tp_suv_exit    ui_tp_suv.o
    0x00033a4c   0x00000002   Code   RO         2150    i.ui_tp_suv_show    ui_tp_suv.o
    0x00033a4e   0x00000002   Code   RO         2326    i.ui_ts_tire_binding_enter  ui_ts_tire_binding.o
    0x00033a50   0x00000002   Code   RO         2328    i.ui_ts_tire_binding_exit  ui_ts_tire_binding.o
    0x00033a52   0x00000002   PAD
    0x00033a54   0x00000024   Code   RO         2330    i.ui_ts_tire_binding_show  ui_ts_tire_binding.o
    0x00033a78   0x00000002   Code   RO         2189    i.ui_ts_tire_select_car_enter  ui_ts_tire_select_car.o
    0x00033a7a   0x00000002   Code   RO         2190    i.ui_ts_tire_select_car_exit  ui_ts_tire_select_car.o
    0x00033a7c   0x000000c8   Code   RO         2192    i.ui_ts_tire_select_car_show  ui_ts_tire_select_car.o
    0x00033b44   0x00000002   Code   RO         2235    i.ui_ts_tire_select_motor_enter  ui_ts_tire_select_motor.o
    0x00033b46   0x00000002   Code   RO         2236    i.ui_ts_tire_select_motor_exit  ui_ts_tire_select_motor.o
    0x00033b48   0x00000002   Code   RO         2238    i.ui_ts_tire_select_motor_show  ui_ts_tire_select_motor.o
    0x00033b4a   0x00000002   Code   RO         2280    i.ui_ts_tire_select_suv_enter  ui_ts_tire_select_suv.o
    0x00033b4c   0x00000002   Code   RO         2281    i.ui_ts_tire_select_suv_exit  ui_ts_tire_select_suv.o
    0x00033b4e   0x00000002   PAD
    0x00033b50   0x000000e4   Code   RO         2283    i.ui_ts_tire_select_suv_show  ui_ts_tire_select_suv.o
    0x00033c34   0x00000002   Code   RO         2015    i.ui_ts_type_select_enter  ui_ts_type_select.o
    0x00033c36   0x00000002   Code   RO         2016    i.ui_ts_type_select_exit  ui_ts_type_select.o
    0x00033c38   0x00000024   Code   RO         2018    i.ui_ts_type_select_show  ui_ts_type_select.o
    0x00033c5c   0x0000000c   Code   RO         5675    i.uint16_decode     ble_srv_common.o
    0x00033c68   0x00000014   Code   RO         4159    i.ulPortRaiseBASEPRI  queue.o
    0x00033c7c   0x00000014   Code   RO         4531    i.ulPortRaiseBASEPRI  tasks.o
    0x00033c90   0x00000024   Code   RO        10930    i.uninit            nrf_fstorage_sd.o
    0x00033cb4   0x000000b8   Code   RO        10781    i.unsigned_print    nrf_fprintf_format.o
    0x00033d6c   0x00000034   Code   RO         5928    i.update_pending_flags_check  gatt_cache_manager.o
    0x00033da0   0x0000001e   Code   RO         5258    i.use_whitelist     ble_advertising.o
    0x00033dbe   0x00000002   PAD
    0x00033dc0   0x00000014   Code   RO         5510    i.user_flag_is_acquired  ble_conn_state.o
    0x00033dd4   0x0000002c   Code   RO         6490    i.user_mem_reply    nrf_ble_qwr.o
    0x00033e00   0x00000028   Code   RO         3917    i.uxListRemove      list.o
    0x00033e28   0x00000010   Code   RO           16    i.vApplicationIdleHook  main.o
    0x00033e38   0x0000001a   Code   RO         3918    i.vListInitialise   list.o
    0x00033e52   0x00000006   Code   RO         3919    i.vListInitialiseItem  list.o
    0x00033e58   0x00000034   Code   RO         3920    i.vListInsert       list.o
    0x00033e8c   0x00000018   Code   RO         3921    i.vListInsertEnd    list.o
    0x00033ea4   0x00000014   Code   RO         3990    i.vPortEnableVFP    port_cmsis.o
    0x00033eb8   0x00000018   Code   RO         3992    i.vPortEnterCritical  port_cmsis.o
    0x00033ed0   0x00000020   Code   RO         3993    i.vPortExitCritical  port_cmsis.o
    0x00033ef0   0x00000002   Code   RO         3870    i.vPortFree         heap_1.o
    0x00033ef2   0x00000002   PAD
    0x00033ef4   0x0000007c   Code   RO         4068    i.vPortSetupTimerInterrupt  port_cmsis_systick.o
    0x00033f70   0x00000198   Code   RO         4069    i.vPortSuppressTicksAndSleep  port_cmsis_systick.o
    0x00034108   0x0000002c   Code   RO         4163    i.vQueueAddToRegistry  queue.o
    0x00034134   0x0000004a   Code   RO         4166    i.vQueueWaitForMessageRestricted  queue.o
    0x0003417e   0x00000002   PAD
    0x00034180   0x00000018   Code   RO         4542    i.vTaskInternalSetTimeOutState  tasks.o
    0x00034198   0x0000000c   Code   RO         4543    i.vTaskMissedYield  tasks.o
    0x000341a4   0x0000009c   Code   RO         4544    i.vTaskNotifyGiveFromISR  tasks.o
    0x00034240   0x00000020   Code   RO         4545    i.vTaskPlaceOnEventList  tasks.o
    0x00034260   0x00000028   Code   RO         4546    i.vTaskPlaceOnEventListRestricted  tasks.o
    0x00034288   0x00000098   Code   RO         4551    i.vTaskResume       tasks.o
    0x00034320   0x00000060   Code   RO         4553    i.vTaskStartScheduler  tasks.o
    0x00034380   0x00000010   Code   RO         4554    i.vTaskStepTick     tasks.o
    0x00034390   0x000000e8   Code   RO         4555    i.vTaskSuspend      tasks.o
    0x00034478   0x00000010   Code   RO         4556    i.vTaskSuspendAll   tasks.o
    0x00034488   0x00000060   Code   RO         4557    i.vTaskSwitchContext  tasks.o
    0x000344e8   0x00000008   Code   RO         5259    i.whitelist_has_entries  ble_advertising.o
    0x000344f0   0x00000006   Code   RO        10931    i.wmap              nrf_fstorage_sd.o
    0x000344f6   0x00000002   PAD
    0x000344f8   0x00000054   Code   RO        10932    i.write             nrf_fstorage_sd.o
    0x0003454c   0x00000038   Code   RO         6875    i.write_buf_length_words_set  peer_database.o
    0x00034584   0x00000160   Code   RO         6876    i.write_buf_store   peer_database.o
    0x000346e4   0x00000074   Code   RO         6877    i.write_buf_store_in_event  peer_database.o
    0x00034758   0x00000024   Code   RO         6878    i.write_buffer_record_acquire  peer_database.o
    0x0003477c   0x0000004c   Code   RO         6879    i.write_buffer_record_find  peer_database.o
    0x000347c8   0x00000034   Code   RO         6880    i.write_buffer_record_find_next  peer_database.o
    0x000347fc   0x00000030   Code   RO         6881    i.write_buffer_record_find_stored  peer_database.o
    0x0003482c   0x0000000e   Code   RO         6882    i.write_buffer_record_find_unused  peer_database.o
    0x0003483a   0x00000024   Code   RO         6883    i.write_buffer_record_invalidate  peer_database.o
    0x0003485e   0x00000002   PAD
    0x00034860   0x00000028   Code   RO         6884    i.write_buffer_record_release  peer_database.o
    0x00034888   0x00000012   Code   RO         3098    i.write_command     st7789.o
    0x0003489a   0x00000012   Code   RO         3099    i.write_data        st7789.o
    0x000348ac   0x00000020   Code   RO         3100    i.write_data_16     st7789.o
    0x000348cc   0x000000e0   Code   RO         9945    i.write_enqueue     fds.o
    0x000349ac   0x000000c4   Code   RO         9946    i.write_execute     fds.o
    0x00034a70   0x00000058   Code   RO        10933    i.write_execute     nrf_fstorage_sd.o
    0x00034ac8   0x00000024   Code   RO         9947    i.write_space_free  fds.o
    0x00034aec   0x00000078   Code   RO         9948    i.write_space_reserve  fds.o
    0x00034b64   0x00000068   Code   RO         3994    i.xPortStartScheduler  port_cmsis.o
    0x00034bcc   0x00000038   Code   RO         4169    i.xQueueGenericCreate  queue.o
    0x00034c04   0x0000009c   Code   RO         4170    i.xQueueGenericReset  queue.o
    0x00034ca0   0x00000170   Code   RO         4171    i.xQueueGenericSend  queue.o
    0x00034e10   0x00000072   Code   RO         4172    i.xQueueGenericSendFromISR  queue.o
    0x00034e82   0x00000002   PAD
    0x00034e84   0x00000140   Code   RO         4179    i.xQueueReceive     queue.o
    0x00034fc4   0x0000005c   Code   RO         4558    i.xTaskCheckForTimeOut  tasks.o
    0x00035020   0x00000060   Code   RO         4559    i.xTaskCreate       tasks.o
    0x00035080   0x00000020   Code   RO         4564    i.xTaskGetSchedulerState  tasks.o
    0x000350a0   0x0000000c   Code   RO         4565    i.xTaskGetTickCount  tasks.o
    0x000350ac   0x0000000c   Code   RO         4566    i.xTaskGetTickCountFromISR  tasks.o
    0x000350b8   0x00000128   Code   RO         4567    i.xTaskIncrementTick  tasks.o
    0x000351e0   0x00000084   Code   RO         4570    i.xTaskPriorityDisinherit  tasks.o
    0x00035264   0x00000084   Code   RO         4572    i.xTaskRemoveFromEventList  tasks.o
    0x000352e8   0x00000108   Code   RO         4573    i.xTaskResumeAll    tasks.o
    0x000353f0   0x00000030   Code   RO         4903    i.xTimerCreate      timers.o
    0x00035420   0x0000003c   Code   RO         4904    i.xTimerCreateTimerTask  timers.o
    0x0003545c   0x0000006c   Code   RO         4905    i.xTimerGenericCommand  timers.o
    0x000354c8   0x00000020   Code   RO         4909    i.xTimerIsTimerActive  timers.o
    0x000354e8   0x00000060   Data   RO         1566    .constdata          ui_main.o
    0x00035548   0x00000038   Data   RO         1721    .constdata          ui_notification.o
    0x00035580   0x00000008   Data   RO         1879    .constdata          ui_charging.o
    0x00035588   0x00000010   Data   RO         1974    .constdata          ui_tire_setting.o
    0x00035598   0x00000030   Data   RO         2019    .constdata          ui_ts_type_select.o
    0x000355c8   0x00000058   Data   RO         2193    .constdata          ui_ts_tire_select_car.o
    0x00035620   0x00000068   Data   RO         2284    .constdata          ui_ts_tire_select_suv.o
    0x00035688   0x00000020   Data   RO         2331    .constdata          ui_ts_tire_binding.o
    0x000356a8   0x00002c14   Data   RO         2550    .constdata          icon_time_hour_00.o
    0x000382bc   0x00002c14   Data   RO         2557    .constdata          icon_time_hour_01.o
    0x0003aed0   0x00002c14   Data   RO         2564    .constdata          icon_time_hour_02.o
    0x0003dae4   0x00002c14   Data   RO         2571    .constdata          icon_time_hour_03.o
    0x000406f8   0x00002c14   Data   RO         2578    .constdata          icon_time_hour_04.o
    0x0004330c   0x00002c14   Data   RO         2585    .constdata          icon_time_hour_05.o
    0x00045f20   0x00002c14   Data   RO         2592    .constdata          icon_time_hour_06.o
    0x00048b34   0x00002c14   Data   RO         2599    .constdata          icon_time_hour_07.o
    0x0004b748   0x00002c14   Data   RO         2606    .constdata          icon_time_hour_08.o
    0x0004e35c   0x00002c14   Data   RO         2613    .constdata          icon_time_hour_09.o
    0x00050f70   0x00000984   Data   RO         2628    .constdata          icon_time_minute_00.o
    0x000518f4   0x00000984   Data   RO         2635    .constdata          icon_time_minute_01.o
    0x00052278   0x00000984   Data   RO         2642    .constdata          icon_time_minute_02.o
    0x00052bfc   0x00000984   Data   RO         2649    .constdata          icon_time_minute_03.o
    0x00053580   0x00000984   Data   RO         2656    .constdata          icon_time_minute_04.o
    0x00053f04   0x00000984   Data   RO         2663    .constdata          icon_time_minute_05.o
    0x00054888   0x00000984   Data   RO         2670    .constdata          icon_time_minute_06.o
    0x0005520c   0x00000984   Data   RO         2677    .constdata          icon_time_minute_07.o
    0x00055b90   0x00000984   Data   RO         2684    .constdata          icon_time_minute_08.o
    0x00056514   0x00000984   Data   RO         2691    .constdata          icon_time_minute_09.o
    0x00056e98   0x00000048   Data   RO         2754    .constdata          draw_chinese.o
    0x00056ee0   0x00000a20   Data   RO         2930    .constdata          icon_back_deselect.o
    0x00057900   0x00000a20   Data   RO         2937    .constdata          icon_back_select.o
    0x00058320   0x000001e0   Data   RO         2944    .constdata          icon_car_suv_h_tire_blue.o
    0x00058500   0x000001e0   Data   RO         2951    .constdata          icon_car_suv_h_tire_gray.o
    0x000586e0   0x000001e0   Data   RO         2958    .constdata          icon_car_suv_h_tire_red.o
    0x000588c0   0x00000252   Data   RO         2965    .constdata          icon_car_suv_v_tire_blue.o
    0x00058b12   0x00000252   Data   RO         2972    .constdata          icon_car_suv_v_tire_gray.o
    0x00058d64   0x00000252   Data   RO         2979    .constdata          icon_car_suv_v_tire_red.o
    0x00058fb6   0x00000a20   Data   RO         2986    .constdata          icon_ok_deselect.o
    0x000599d6   0x00000a20   Data   RO         2993    .constdata          icon_ok_select.o
    0x0005a3f6   0x00001388   Data   RO         3007    .constdata          icon_tire_deselect.o
    0x0005b77e   0x00001388   Data   RO         3014    .constdata          icon_tire_select.o
    0x0005cb06   0x000009fc   Data   RO         3021    .constdata          icon_tire_binding_name.o
    0x0005d502   0x0000000e   PAD
    0x0005d510   0x00000028   Data   RO         3101    .constdata          st7789.o
    0x0005d538   0x00000004   Data   RO         3995    .constdata          port_cmsis.o
    0x0005d53c   0x0000007c   Data   RO         5758    .constdata          ble_db_discovery.o
    0x0005d5b8   0x0000007c   Data   RO         5929    .constdata          gatt_cache_manager.o
    0x0005d634   0x00000018   Data   RO         6103    .constdata          gatts_cache_manager.o
    0x0005d64c   0x00000008   Data   RO         6215    .constdata          id_manager.o
    0x0005d654   0x00000016   Data   RO         6377    .constdata          nrf_ble_gatt.o
    0x0005d66a   0x00000002   PAD
    0x0005d66c   0x0000001c   Data   RO         6714    .constdata          peer_data_storage.o
    0x0005d688   0x00000010   Data   RO         6886    .constdata          peer_database.o
    0x0005d698   0x000000a4   Data   RO         7606    .constdata          security_dispatcher.o
    0x0005d73c   0x00000004   Data   RO         7804    .constdata          security_manager.o
    0x0005d740   0x0000003e   Data   RO         8572    .constdata          nrfx_gpiote.o
    0x0005d77e   0x00000002   PAD
    0x0005d780   0x0000002e   Data   RO         8935    .constdata          nrfx_uart.o
    0x0005d7ae   0x00000002   PAD
    0x0005d7b0   0x00000030   Data   RO         9176    .constdata          nrfx_uarte.o
    0x0005d7e0   0x00000022   Data   RO         9428    .constdata          nrfx_spi.o
    0x0005d802   0x00000002   PAD
    0x0005d804   0x00000018   Data   RO         9950    .constdata          fds.o
    0x0005d81c   0x00000010   Data   RO        10782    .constdata          nrf_fprintf_format.o
    0x0005d82c   0x0000005e   Data   RO        10833    .constdata          nrf_fstorage.o
    0x0005d88a   0x00000002   PAD
    0x0005d88c   0x00000030   Data   RO        10935    .constdata          nrf_fstorage_sd.o
    0x0005d8bc   0x0000013c   Data   RO        11214    .constdata          nrf_strerror.o
    0x0005d9f8   0x0000002c   Data   RO        11341    .constdata          nrf_log_backend_uart.o
    0x0005da24   0x0000000c   Data   RO        11479    .constdata          nrf_log_frontend.o
    0x0005da30   0x00000058   Data   RO        12087    .constdata          nrf_sdh.o
    0x0005da88   0x00000030   Data   RO        12200    .constdata          nrf_sdh_ble.o
    0x0005dab8   0x0000001c   Data   RO        12299    .constdata          nrf_sdh_soc.o
    0x0005dad4   0x00000081   Data   RO        12667    .constdata          mc_w.l(ctype_o.o)
    0x0005db55   0x00000003   PAD
    0x0005db58   0x00000004   Data   RO        12668    .constdata          mc_w.l(ctype_o.o)
    0x0005db5c   0x00000004   PAD
    0x0005db60   0x00000030   Data   RO        12719    .constdata          m_wm.l(cos_i.o)
    0x0005db90   0x000000c8   Data   RO        12737    .constdata          m_wm.l(rred.o)
    0x0005dc58   0x00000028   Data   RO        12741    .constdata          m_wm.l(sin_i.o)
    0x0005dc80   0x0000004e   Data   RO         4070    .conststring        port_cmsis_systick.o
    0x0005dcce   0x00000002   PAD
    0x0005dcd0   0x000000a2   Data   RO         5759    .conststring        ble_db_discovery.o
    0x0005dd72   0x00000002   PAD
    0x0005dd74   0x00000134   Data   RO         5930    .conststring        gatt_cache_manager.o
    0x0005dea8   0x0000019c   Data   RO         6104    .conststring        gatts_cache_manager.o
    0x0005e044   0x000000a2   Data   RO         6378    .conststring        nrf_ble_gatt.o
    0x0005e0e6   0x00000002   PAD
    0x0005e0e8   0x000000a4   Data   RO         6715    .conststring        peer_data_storage.o
    0x0005e18c   0x00000180   Data   RO         6887    .conststring        peer_database.o
    0x0005e30c   0x00000048   Data   RO         7161    .conststring        peer_manager.o
    0x0005e354   0x00000165   Data   RO         7439    .conststring        peer_manager_handler.o
    0x0005e4b9   0x00000003   PAD
    0x0005e4bc   0x00000306   Data   RO         7607    .conststring        security_dispatcher.o
    0x0005e7c2   0x00000002   PAD
    0x0005e7c4   0x0000017b   Data   RO         7805    .conststring        security_manager.o
    0x0005e93f   0x00000001   PAD
    0x0005e940   0x00000515   Data   RO        10345    .conststring        hardfault_implementation.o
    0x0005ee55   0x00000003   PAD
    0x0005ee58   0x0000004f   Data   RO        10834    .conststring        nrf_fstorage.o
    0x0005eea7   0x00000001   PAD
    0x0005eea8   0x000003eb   Data   RO        11215    .conststring        nrf_strerror.o
    0x0005f293   0x00000001   PAD
    0x0005f294   0x00000046   Data   RO        11342    .conststring        nrf_log_backend_uart.o
    0x0005f2da   0x00000002   PAD
    0x0005f2dc   0x0000005d   Data   RO        11658    .conststring        nrf_log_str_formatter.o
    0x0005f339   0x00000003   PAD
    0x0005f33c   0x00000008   Data   RO          604    .conststrlit        ly_ble_tus.o
    0x0005f344   0x0000000a   Data   RO          685    .conststrlit        ly_ble_tus_c.o
    0x0005f34e   0x00000002   PAD
    0x0005f350   0x0000000b   Data   RO          995    .conststrlit        nrf_ble_ancs_c.o
    0x0005f35b   0x00000001   PAD
    0x0005f35c   0x0000000c   Data   RO         5760    .conststrlit        ble_db_discovery.o
    0x0005f368   0x00000011   Data   RO         5931    .conststrlit        gatt_cache_manager.o
    0x0005f379   0x00000003   PAD
    0x0005f37c   0x00000012   Data   RO         6105    .conststrlit        gatts_cache_manager.o
    0x0005f38e   0x00000002   PAD
    0x0005f390   0x00000010   Data   RO         6217    .conststrlit        id_manager.o
    0x0005f3a0   0x0000000d   Data   RO         6379    .conststrlit        nrf_ble_gatt.o
    0x0005f3ad   0x00000003   PAD
    0x0005f3b0   0x00000009   Data   RO         6562    .conststrlit        nrf_ble_scan.o
    0x0005f3b9   0x00000003   PAD
    0x0005f3bc   0x00000011   Data   RO         6716    .conststrlit        peer_data_storage.o
    0x0005f3cd   0x00000003   PAD
    0x0005f3d0   0x00000011   Data   RO         6888    .conststrlit        peer_database.o
    0x0005f3e1   0x00000003   PAD
    0x0005f3e4   0x0000000d   Data   RO         7162    .conststrlit        peer_manager.o
    0x0005f3f1   0x00000003   PAD
    0x0005f3f4   0x00000015   Data   RO         7440    .conststrlit        peer_manager_handler.o
    0x0005f409   0x00000003   PAD
    0x0005f40c   0x00000011   Data   RO         7608    .conststrlit        security_dispatcher.o
    0x0005f41d   0x00000003   PAD
    0x0005f420   0x00000010   Data   RO         7806    .conststrlit        security_manager.o
    0x0005f430   0x00000006   Data   RO         8022    .conststrlit        nrf_drv_clock.o
    0x0005f436   0x00000002   PAD
    0x0005f438   0x00000006   Data   RO         8375    .conststrlit        nrfx_clock.o
    0x0005f43e   0x00000002   PAD
    0x0005f440   0x00000007   Data   RO         8573    .conststrlit        nrfx_gpiote.o
    0x0005f447   0x00000001   PAD
    0x0005f448   0x00000004   Data   RO         8847    .conststrlit        nrfx_prs.o
    0x0005f44c   0x00000005   Data   RO         8936    .conststrlit        nrfx_uart.o
    0x0005f451   0x00000003   PAD
    0x0005f454   0x00000006   Data   RO         9177    .conststrlit        nrfx_uarte.o
    0x0005f45a   0x00000002   PAD
    0x0005f45c   0x00000004   Data   RO         9429    .conststrlit        nrfx_spi.o
    0x0005f460   0x0000000a   Data   RO        10346    .conststrlit        hardfault_implementation.o
    0x0005f46a   0x00000002   PAD
    0x0005f46c   0x0000000d   Data   RO        10835    .conststrlit        nrf_fstorage.o
    0x0005f479   0x00000003   PAD
    0x0005f47c   0x00000011   Data   RO        11413    .conststrlit        nrf_log_default_backends.o
    0x0005f48d   0x00000003   PAD
    0x0005f490   0x00000004   Data   RO        11480    .conststrlit        nrf_log_frontend.o
    0x0005f494   0x00000008   Data   RO        12088    .conststrlit        nrf_sdh.o
    0x0005f49c   0x0000000c   Data   RO        12201    .conststrlit        nrf_sdh_ble.o
    0x0005f4a8   0x00000011   Data   RO        12257    .conststrlit        nrf_sdh_freertos.o
    0x0005f4b9   0x00000003   PAD
    0x0005f4bc   0x0000000c   Data   RO        12300    .conststrlit        nrf_sdh_soc.o
    0x0005f4c8   0x00000020   Data   RO        12794    Region$$Table       anon$$obj.o
    0x0005f4e8   0x00000010   Data   RO        11415    log_backends        nrf_log_default_backends.o
    0x0005f4f8   0x00000008   Data   RO          605    log_const_data      ly_ble_tus.o
    0x0005f500   0x00000008   Data   RO          686    log_const_data      ly_ble_tus_c.o
    0x0005f508   0x00000008   Data   RO          996    log_const_data      nrf_ble_ancs_c.o
    0x0005f510   0x00000008   Data   RO         5762    log_const_data      ble_db_discovery.o
    0x0005f518   0x00000008   Data   RO         5933    log_const_data      gatt_cache_manager.o
    0x0005f520   0x00000008   Data   RO         6107    log_const_data      gatts_cache_manager.o
    0x0005f528   0x00000008   Data   RO         6219    log_const_data      id_manager.o
    0x0005f530   0x00000008   Data   RO         6380    log_const_data      nrf_ble_gatt.o
    0x0005f538   0x00000008   Data   RO         6563    log_const_data      nrf_ble_scan.o
    0x0005f540   0x00000008   Data   RO         6718    log_const_data      peer_data_storage.o
    0x0005f548   0x00000008   Data   RO         6890    log_const_data      peer_database.o
    0x0005f550   0x00000008   Data   RO         7164    log_const_data      peer_manager.o
    0x0005f558   0x00000008   Data   RO         7442    log_const_data      peer_manager_handler.o
    0x0005f560   0x00000008   Data   RO         7610    log_const_data      security_dispatcher.o
    0x0005f568   0x00000008   Data   RO         7808    log_const_data      security_manager.o
    0x0005f570   0x00000008   Data   RO         8023    log_const_data      nrf_drv_clock.o
    0x0005f578   0x00000008   Data   RO         8377    log_const_data      nrfx_clock.o
    0x0005f580   0x00000008   Data   RO         8574    log_const_data      nrfx_gpiote.o
    0x0005f588   0x00000008   Data   RO         8849    log_const_data      nrfx_prs.o
    0x0005f590   0x00000008   Data   RO         8937    log_const_data      nrfx_uart.o
    0x0005f598   0x00000008   Data   RO         9178    log_const_data      nrfx_uarte.o
    0x0005f5a0   0x00000008   Data   RO         9430    log_const_data      nrfx_spi.o
    0x0005f5a8   0x00000008   Data   RO        10348    log_const_data      hardfault_implementation.o
    0x0005f5b0   0x00000008   Data   RO        10836    log_const_data      nrf_fstorage.o
    0x0005f5b8   0x00000008   Data   RO        11482    log_const_data      nrf_log_frontend.o
    0x0005f5c0   0x00000008   Data   RO        12090    log_const_data      nrf_sdh.o
    0x0005f5c8   0x00000008   Data   RO        12203    log_const_data      nrf_sdh_ble.o
    0x0005f5d0   0x00000008   Data   RO        12259    log_const_data      nrf_sdh_freertos.o
    0x0005f5d8   0x00000008   Data   RO        12301    log_const_data      nrf_sdh_soc.o
    0x0005f5e0   0x00000014   Data   RO        11483    nrf_balloc          nrf_log_frontend.o
    0x0005f5f4   0x00000008   Data   RO         5512    sdh_ble_observers0  ble_conn_state.o
    0x0005f5fc   0x00000018   Data   RO          457    sdh_ble_observers1  ly_ble.o
    0x0005f614   0x00000008   Data   RO         1264    sdh_ble_observers1  ly_ble_c.o
    0x0005f61c   0x00000008   Data   RO         1349    sdh_ble_observers1  ly_ble_p.o
    0x0005f624   0x00000008   Data   RO         3689    sdh_ble_observers1  bsp_btn_ble.o
    0x0005f62c   0x00000008   Data   RO         5404    sdh_ble_observers1  ble_conn_params.o
    0x0005f634   0x00000008   Data   RO         7165    sdh_ble_observers1  peer_manager.o
    0x0005f63c   0x00000008   Data   RO         1165    sdh_ble_observers2  ly_ble_ancs_c.o
    0x0005f644   0x00000010   Data   RO         1265    sdh_ble_observers2  ly_ble_c.o
    0x0005f654   0x00000020   Data   RO         1350    sdh_ble_observers2  ly_ble_p.o
    0x0005f674   0x00000008   Data   RO          458    sdh_ble_observers3  ly_ble.o
    0x0005f67c   0x00000008   Data   RO        10937    sdh_req_observers0  nrf_fstorage_sd.o
    0x0005f684   0x00000008   Data   RO         8024    sdh_soc_observers0  nrf_drv_clock.o
    0x0005f68c   0x00000008   Data   RO        10938    sdh_soc_observers0  nrf_fstorage_sd.o
    0x0005f694   0x00000008   Data   RO         1351    sdh_soc_observers1  ly_ble_p.o
    0x0005f69c   0x00000008   Data   RO        12204    sdh_stack_observers0  nrf_sdh_ble.o
    0x0005f6a4   0x00000008   Data   RO        12302    sdh_stack_observers0  nrf_sdh_soc.o
    0x0005f6ac   0x00000008   Data   RO         8025    sdh_state_observers0  nrf_drv_clock.o
    0x0005f6b4   0x00000008   Data   RO        10939    sdh_state_observers0  nrf_fstorage_sd.o


    Execution Region RW_IRAM1 (Base: 0x20007000, Size: 0x00005b30, Max: 0x00009000, ABSOLUTE, COMPRESSED[0x00000200])

    Base Addr    Size         Type   Attr      Idx    E Section Name        Object

    0x20007000   0x00000025   Data   RW           17    .data               main.o
    0x20007025   0x00000003   PAD
    0x20007028   0x000005a0   Data   RW          456    .data               ly_ble.o
    0x200075c8   0x00000008   Data   RW          932    .data               ancs_tx_buffer.o
    0x200075d0   0x00000044   Data   RW         1348    .data               ly_ble_p.o
    0x20007614   0x00000001   Data   RW         1567    .data               ui_main.o
    0x20007615   0x00000003   PAD
    0x20007618   0x000000b8   Data   RW         1614    .data               ui_task.o
    0x200076d0   0x00000001   Data   RW         1722    .data               ui_notification.o
    0x200076d1   0x00000001   PAD
    0x200076d2   0x00000018   Data   RW         1767    .data               ui_heart_rate_measure.o
    0x200076ea   0x00000003   Data   RW         1816    .data               ui_analog_clock.o
    0x200076ed   0x00000002   Data   RW         1880    .data               ui_charging.o
    0x200076ef   0x00000001   PAD
    0x200076f0   0x00000018   Data   RW         1930    .data               ui_blood_pressure_measure.o
    0x20007708   0x00000002   Data   RW         2194    .data               ui_ts_tire_select_car.o
    0x2000770a   0x00000002   Data   RW         2285    .data               ui_ts_tire_select_suv.o
    0x2000770c   0x000000d0   Data   RW         2412    .data               draw_icon.o
    0x200077dc   0x00000028   Data   RW         2542    .data               icon_time_hour.o
    0x20007804   0x00000028   Data   RW         2620    .data               icon_time_minute.o
    0x2000782c   0x00000008   Data   RW         3688    .data               bsp_btn_ble.o
    0x20007834   0x00000008   Data   RW         3874    .data               heap_1.o
    0x2000783c   0x00000004   Data   RW         3996    .data               port_cmsis.o
    0x20007840   0x0000003c   Data   RW         4576    .data               tasks.o
    0x2000787c   0x00000014   Data   RW         4913    .data               timers.o
    0x20007890   0x00000008   Data   RW         5403    .data               ble_conn_params.o
    0x20007898   0x0000000d   Data   RW         5761    .data               ble_db_discovery.o
    0x200078a5   0x00000003   PAD
    0x200078a8   0x00000013   Data   RW         5932    .data               gatt_cache_manager.o
    0x200078bb   0x00000001   PAD
    0x200078bc   0x0000000a   Data   RW         6106    .data               gatts_cache_manager.o
    0x200078c6   0x00000002   PAD
    0x200078c8   0x0000000c   Data   RW         6717    .data               peer_data_storage.o
    0x200078d4   0x00000008   Data   RW         6889    .data               peer_database.o
    0x200078dc   0x0000000f   Data   RW         7163    .data               peer_manager.o
    0x200078eb   0x00000005   Data   RW         7609    .data               security_dispatcher.o
    0x200078f0   0x00000018   Data   RW         7807    .data               security_manager.o
    0x20007908   0x00000009   Data   RW         8162    .data               nrf_drv_uart.o
    0x20007911   0x00000003   PAD
    0x20007914   0x00000008   Data   RW         8376    .data               nrfx_clock.o
    0x2000791c   0x00000008   Data   RW         8848    .data               nrfx_prs.o
    0x20007924   0x00000030   Data   RW         9951    .data               fds.o
    0x20007954   0x00000068   Data   RW        10347    .data               hardfault_implementation.o
    0x200079bc   0x00000008   Data   RW        10936    .data               nrf_fstorage_sd.o
    0x200079c4   0x00000016   Data   RW        11343    .data               nrf_log_backend_uart.o
    0x200079da   0x00000002   PAD
    0x200079dc   0x00000008   Data   RW        11414    .data               nrf_log_default_backends.o
    0x200079e4   0x00000010   Data   RW        11481    .data               nrf_log_frontend.o
    0x200079f4   0x00000040   Data   RW        11659    .data               nrf_log_str_formatter.o
    0x20007a34   0x00000003   Data   RW        12089    .data               nrf_sdh.o
    0x20007a37   0x00000001   Data   RW        12202    .data               nrf_sdh_ble.o
    0x20007a38   0x00000008   Data   RW        12258    .data               nrf_sdh_freertos.o
    0x20007a40   0x00000004   Data   RW        12352    .data               system_nrf52.o
    0x20007a44   0x00000004   Data   RW        12768    .data               mc_w.l(errno.o)
    0x20007a48   0x00000014   Data   RW         9952    fs_data             fds.o
    0x20007a5c   0x00000024   Zero   RW          454    .bss                ly_ble.o
    0x20007a80   0x00000120   Zero   RW          931    .bss                ancs_tx_buffer.o
    0x20007ba0   0x00000298   Zero   RW         1161    .bss                ly_ble_ancs_c.o
    0x20007e38   0x00000168   Zero   RW         1261    .bss                ly_ble_c.o
    0x20007fa0   0x000002ba   Zero   RW         1346    .bss                ly_ble_p.o
    0x2000825a   0x00000002   PAD
    0x2000825c   0x00000018   Zero   RW         3056    .bss                hardware.o
    0x20008274   0x0000006c   Zero   RW         3583    .bss                bsp.o
    0x200082e0   0x00003000   Zero   RW         3873    .bss                heap_1.o
    0x2000b2e0   0x00000010   Zero   RW         4183    .bss                queue.o
    0x2000b2f0   0x000000c8   Zero   RW         4575    .bss                tasks.o
    0x2000b3b8   0x00000028   Zero   RW         4912    .bss                timers.o
    0x2000b3e0   0x00000050   Zero   RW         5402    .bss                ble_conn_params.o
    0x2000b430   0x00000078   Zero   RW         5511    .bss                ble_conn_state.o
    0x2000b4a8   0x00000318   Zero   RW         5757    .bss                ble_db_discovery.o
    0x2000b7c0   0x000000d8   Zero   RW         6214    .bss                id_manager.o
    0x2000b898   0x00000180   Zero   RW         6885    .bss                peer_database.o
    0x2000ba18   0x00000040   Zero   RW         7030    .bss                peer_id.o
    0x2000ba58   0x0000000c   Zero   RW         7159    .bss                peer_manager.o
    0x2000ba64   0x00000040   Zero   RW         7605    .bss                security_dispatcher.o
    0x2000baa4   0x00000014   Zero   RW         8020    .bss                nrf_drv_clock.o
    0x2000bab8   0x0000005c   Zero   RW         8571    .bss                nrfx_gpiote.o
    0x2000bb14   0x0000002c   Zero   RW         8934    .bss                nrfx_uart.o
    0x2000bb40   0x00000024   Zero   RW         9175    .bss                nrfx_uarte.o
    0x2000bb64   0x00000018   Zero   RW         9361    .bss                nrf_drv_spi.o
    0x2000bb7c   0x0000002c   Zero   RW         9427    .bss                nrfx_spi.o
    0x2000bba8   0x00000020   Zero   RW         9626    .bss                app_error.o
    0x2000bbc8   0x0000000c   Zero   RW         9774    .bss                app_util_platform.o
    0x2000bbd4   0x000000f0   Zero   RW         9949    .bss                fds.o
    0x2000bcc4   0x000000b0   Zero   RW        10934    .bss                nrf_fstorage_sd.o
    0x2000bd74   0x00000040   Zero   RW        11340    .bss                nrf_log_backend_uart.o
    0x2000bdb4   0x0000057c   Zero   RW        11478    .bss                nrf_log_frontend.o
    0x2000c330   0x00000800   Zero   RW        12329    STACK               arm_startup_nrf52.o


==============================================================================

Image component sizes


      Code (inc. data)   RO Data    RW Data    ZI Data      Debug   Object Name

         0          0          0          0          0       6619   ancs_app_attr_get.o
       932         10          0          0          0      46934   ancs_attr_parser.o
       144         14          0          8        288       1788   ancs_tx_buffer.o
       136          4          0          0         32       3378   app_error.o
        26          0          0          0          0        564   app_error_handler_keil.o
       456        194          0          0          0       4814   app_error_weak.o
       380         10          0          0          0       8220   app_timer_freertos.o
       200         24          0          0         12      10454   app_util_platform.o
        36          8        512          0       2048        920   arm_startup_nrf52.o
       182          0          0          0          0      43423   ble_advdata.o
      1064          6          0          0          0      14226   ble_advertising.o
       628         30          8          8         80       9144   ble_conn_params.o
       882        134          8          0        120      15755   ble_conn_state.o
      2094        102        306         13        792      17786   ble_db_discovery.o
       108          0          0          0          0       1592   ble_link_ctx_manager.o
        30          0          0          0          0      39168   ble_srv_common.o
        92          6          0          0        108       6880   bsp.o
       288          8          8          8          0       3800   bsp_btn_ble.o
       140         10         72          0          0       1135   draw_chinese.o
       134         14          0          0          0       2182   draw_digit.o
        48         10          0        208          0       2890   draw_icon.o
       160          4          0          0          0       1163   draw_integer.o
        44          4          0          0          0       1101   draw_rectangle.o
         0          0          0          0          0       5476   drv_gt24l24a2y.o
         0          0          0          0          0      13976   event_groups.o
      3730        374         24         68        240      89222   fds.o
      2374        570        457         19          0      34748   gatt_cache_manager.o
       804         78        462         10          0      15523   gatts_cache_manager.o
        68         20          0          0          0       1059   hal_lcd.o
        52         14          0          0          0        612   hardfault_handler_keil.o
       644        272       1319        104          0       3700   hardfault_implementation.o
        16          6          0          0         24       1211   hardware.o
       114         14          0          8      12288       2467   heap_1.o
         0          0       2592          0          0        569   icon_back_deselect.o
         0          0       2592          0          0        563   icon_back_select.o
         0          0        480          0          0        595   icon_car_suv_h_tire_blue.o
         0          0        480          0          0        595   icon_car_suv_h_tire_gray.o
         0          0        480          0          0        590   icon_car_suv_h_tire_red.o
         0          0        594          0          0        595   icon_car_suv_v_tire_blue.o
         0          0        594          0          0        595   icon_car_suv_v_tire_gray.o
         0          0        594          0          0        590   icon_car_suv_v_tire_red.o
         0          0       2592          0          0        563   icon_ok_deselect.o
         0          0       2592          0          0        553   icon_ok_select.o
         0          0          0         40          0       1135   icon_time_hour.o
         0          0      11284          0          0        568   icon_time_hour_00.o
         0          0      11284          0          0        568   icon_time_hour_01.o
         0          0      11284          0          0        568   icon_time_hour_02.o
         0          0      11284          0          0        568   icon_time_hour_03.o
         0          0      11284          0          0        568   icon_time_hour_04.o
         0          0      11284          0          0        568   icon_time_hour_05.o
         0          0      11284          0          0        568   icon_time_hour_06.o
         0          0      11284          0          0        568   icon_time_hour_07.o
         0          0      11284          0          0        568   icon_time_hour_08.o
         0          0      11284          0          0        568   icon_time_hour_09.o
         0          0          0         40          0       1181   icon_time_minute.o
         0          0       2436          0          0        574   icon_time_minute_00.o
         0          0       2436          0          0        574   icon_time_minute_01.o
         0          0       2436          0          0        574   icon_time_minute_02.o
         0          0       2436          0          0        574   icon_time_minute_03.o
         0          0       2436          0          0        574   icon_time_minute_04.o
         0          0       2436          0          0        574   icon_time_minute_05.o
         0          0       2436          0          0        574   icon_time_minute_06.o
         0          0       2436          0          0        574   icon_time_minute_07.o
         0          0       2436          0          0        574   icon_time_minute_08.o
         0          0       2436          0          0        574   icon_time_minute_09.o
         0          0       2556          0          0        585   icon_tire_binding_name.o
         0          0       5000          0          0        569   icon_tire_deselect.o
         0          0       5000          0          0        563   icon_tire_select.o
      1080         34         32          0        216      15298   id_manager.o
       148          0          0          0          0       3938   list.o
        72          4         32       1440         36      26316   ly_ble.o
         0          0          8          0        664       3176   ly_ble_ancs_c.o
         0          0         24          0        360       5536   ly_ble_c.o
         0          0         48         68        698      60440   ly_ble_p.o
         0          0          0          0          0      27099   ly_ble_p_protocol.o
       688        218         16          0          0      37177   ly_ble_tus.o
       158          0         18          0          0      11189   ly_ble_tus_c.o
       914        262          0         37          0     186329   main.o
       374          0          0          0          0       6748   nrf_atfifo.o
       232          0          0          0          0       4932   nrf_atflags.o
       444          0          0          0          0      10316   nrf_atomic.o
       218          0          0          0          0       3811   nrf_balloc.o
       418          0         19          0          0      49590   nrf_ble_ancs_c.o
      1164        280        205          0          0      37711   nrf_ble_gatt.o
       308          0          0          0          0       4669   nrf_ble_qwr.o
       636          0         17          0          0       9155   nrf_ble_scan.o
       506         54         30          0         20      40282   nrf_drv_clock.o
       136         22          0          0         24      15487   nrf_drv_spi.o
       252         42          0          9          0      17796   nrf_drv_uart.o
        70          0          0          0          0       3565   nrf_fprintf.o
      1030          6         16          0          0       6134   nrf_fprintf_format.o
      1044        356        194          0          0       8024   nrf_fstorage.o
      1118        118         72          8        176      19155   nrf_fstorage_sd.o
       242          0          0          0          0      11605   nrf_log_backend_serial.o
       354         60        114         22         64      21238   nrf_log_backend_uart.o
        40          6         33          8          0       3333   nrf_log_default_backends.o
      2222        134         44         16       1404      34129   nrf_log_frontend.o
       626        112         93         64          0       6004   nrf_log_str_formatter.o
       514          0          0          0          0       8211   nrf_memobj.o
        28          0          0          0          0       2343   nrf_ringbuf.o
       878        204        104          3          0      41499   nrf_sdh.o
       180         72         76          1          0       3212   nrf_sdh_ble.o
        76          8         25          8          0       1872   nrf_sdh_freertos.o
       152         68         56          0          0       2692   nrf_sdh_soc.o
       112          0          0          0          0       2816   nrf_section_iter.o
        92         10       1319          0          0       2747   nrf_strerror.o
       504         50         14          8          0      47549   nrfx_clock.o
       764         30         77          0         92      54718   nrfx_gpiote.o
       140         14         12          8          0       4544   nrfx_prs.o
      1166         28         46          0         44      21795   nrfx_spi.o
      1618         54         59          0         44      37648   nrfx_uart.o
      1460         54         62          0         36      33607   nrfx_uarte.o
       916         48        217         12          0      15519   peer_data_storage.o
      1674        212        425          8        384      22034   peer_database.o
       372         40          0          0         64       8512   peer_id.o
      1026         74        101         15         12      13323   peer_manager.o
       454        142        386          0          0       4363   peer_manager_handler.o
       288          0          0          0          0       5546   pm_buffer.o
       160         14          0          0          0        684   port.o
       250         42          4          4          0      36966   port_cmsis.o
       816         72         78          0          0      45234   port_cmsis_systick.o
      1546         22          0          0         16      15038   queue.o
      2622        280        963          5         64      33732   security_dispatcher.o
      1062        122        407         24          0      47804   security_manager.o
      1388         76         40          0          0      30529   st7789.o
      1200        126          0          4          0       8255   system_nrf52.o
      3026        458          0         60        200      32816   tasks.o
      1148        110          0         20         40      12972   timers.o
       396         44          0          3          0       4127   ui_analog_clock.o
        88         16          0         24          0       2648   ui_blood_pressure_measure.o
       106         20          8          2          0       3053   ui_charging.o
        90         16          0         24          0       3197   ui_heart_rate_measure.o
       270         24         96          1          0       3016   ui_main.o
       134         18         56          1          0       3111   ui_notification.o
       156         24          0        184          0       3683   ui_task.o
        88         16         16          0          0       2522   ui_tire_setting.o
         6          0          0          0          0       1576   ui_tp_car.o
         6          0          0          0          0       1606   ui_tp_motor.o
         6          0          0          0          0       1576   ui_tp_suv.o
        40          4         32          0          0       2516   ui_ts_tire_binding.o
       204         12         88          2          0       2602   ui_ts_tire_select_car.o
         6          0          0          0          0       1750   ui_ts_tire_select_motor.o
       232         14        104          2          0       2626   ui_ts_tire_select_suv.o
        40          4         48          0          0       2438   ui_ts_type_select.o

    ----------------------------------------------------------------------
     58120       6290     172584       2648      20692    1764000   Object Totals
         0          0         32          0          0          0   (incl. Generated)
       120          0         96         19          2          0   (incl. Padding)

    ----------------------------------------------------------------------

      Code (inc. data)   RO Data    RW Data    ZI Data      Debug   Library Member Name

       200         20          0          0          0        164   cos.o
       368         46         48          0          0        200   cos_i.o
        84         16          0          0          0        372   dunder.o
        24          0          0          0          0        124   fabs.o
        48          0          0          0          0        124   fpclassify.o
       248          0          0          0          0        152   poly.o
      1080        142        200          0          0        188   rred.o
       200         20          0          0          0        164   sin.o
       304         24         40          0          0        208   sin_i.o
        86          0          0          0          0          0   __dczerorl2.o
         8          4        133          0          0         68   ctype_o.o
         0          0          0          0          0          0   entry.o
         0          0          0          0          0          0   entry10a.o
         0          0          0          0          0          0   entry11a.o
         8          4          0          0          0          0   entry2.o
         4          0          0          0          0          0   entry5.o
         0          0          0          0          0          0   entry7b.o
         0          0          0          0          0          0   entry8b.o
         8          4          0          0          0          0   entry9a.o
        12          6          0          4          0         68   errno.o
        30          0          0          0          0          0   handlers.o
        36          8          0          0          0         68   init.o
         0          0          0          0          0          0   iusefp.o
        30          0          0          0          0         68   llshl.o
        36          0          0          0          0         68   llsshr.o
        32          0          0          0          0         68   llushr.o
        26          0          0          0          0         80   memcmp.o
        36          0          0          0          0         68   memcpya.o
        36          0          0          0          0        108   memseta.o
        14          0          0          0          0         68   strlen.o
       334          0          0          0          0        148   dadd.o
       222          0          0          0          0        100   ddiv.o
       186          0          0          0          0        176   depilogue.o
        62          0          0          0          0         80   dfixi.o
        34          0          0          0          0         76   dflti.o
        26          0          0          0          0         76   dfltui.o
       228          0          0          0          0         96   dmul.o

    ----------------------------------------------------------------------
      4064        294        428          4          0       3180   Library Totals
        14          0          7          0          0          0   (incl. Padding)

    ----------------------------------------------------------------------

      Code (inc. data)   RO Data    RW Data    ZI Data      Debug   Library Name

      2556        268        288          0          0       1696   m_wm.l
       402         26        133          4          0        732   mc_w.l
      1092          0          0          0          0        752   mf_w.l

    ----------------------------------------------------------------------
      4064        294        428          4          0       3180   Library Totals

    ----------------------------------------------------------------------

==============================================================================


      Code (inc. data)   RO Data    RW Data    ZI Data      Debug   

     62184       6584     173012       2652      20692    1688340   Grand Totals
     62184       6584     173012        512      20692    1688340   ELF Image Totals (compressed)
     62184       6584     173012        512          0          0   ROM Totals

==============================================================================

    Total RO  Size (Code + RO Data)               235196 ( 229.68kB)
    Total RW  Size (RW Data + ZI Data)             23344 (  22.80kB)
    Total ROM Size (Code + RO Data + RW Data)     235708 ( 230.18kB)

==============================================================================

